Archive member included because of file (symbol)

..\mesh_common\mesh\libraries\csr_101x\libcsrmesh.a(csr_mesh.o)
                              depend_Release_CSR101x_A05\core_mesh_handler.o (CSRmeshRegisterAppCallback)
..\mesh_common\mesh\libraries\csr_101x\libcsrmesh.a(csr_mesh_ec_alloc.o)
                              ..\mesh_common\mesh\libraries\csr_101x\libcsrmesh.a(csr_mesh.o) (___libcsrmesh_118)
..\mesh_common\mesh\libraries\csr_101x\libcsrmesh.a(csr_mesh_masp.o)
                              ..\mesh_common\mesh\libraries\csr_101x\libcsrmesh.a(csr_mesh.o) (___libcsrmesh_212)
..\mesh_common\mesh\libraries\csr_101x\libcsrmesh.a(csr_mesh_masp_mcp_common.o)
                              ..\mesh_common\mesh\libraries\csr_101x\libcsrmesh.a(csr_mesh.o) (___libcsrmesh_215)
..\mesh_common\mesh\libraries\csr_101x\libcsrmesh.a(csr_mesh_mcp.o)
                              ..\mesh_common\mesh\libraries\csr_101x\libcsrmesh.a(csr_mesh.o) (___libcsrmesh_243)
..\mesh_common\mesh\libraries\csr_101x\libcsrmesh.a(csr_mesh_mtl.o)
                              ..\mesh_common\mesh\libraries\csr_101x\libcsrmesh.a(csr_mesh_masp.o) (___libcsrmesh_281)
..\mesh_common\mesh\libraries\csr_101x\libcsrmesh.a(csr_mesh_sha256_get_results.o)
                              ..\mesh_common\mesh\libraries\csr_101x\libcsrmesh.a(csr_mesh_masp_mcp_common.o) (___libcsrmesh_297)
..\mesh_common\mesh\libraries\csr_101x\libcsrmesh.a(csr_mesh_sha256_hmac.o)
                              ..\mesh_common\mesh\libraries\csr_101x\libcsrmesh.a(csr_mesh_masp_mcp_common.o) (___libcsrmesh_308)
..\mesh_common\mesh\libraries\csr_101x\libcsrmesh.a(csr_mesh_sha256_initialise.o)
                              ..\mesh_common\mesh\libraries\csr_101x\libcsrmesh.a(csr_mesh_masp_mcp_common.o) (___libcsrmesh_311)
..\mesh_common\mesh\libraries\csr_101x\libcsrmesh.a(csr_mesh_sha256_process_data.o)
                              ..\mesh_common\mesh\libraries\csr_101x\libcsrmesh.a(csr_mesh_sha256_hmac.o) (___libcsrmesh_317)
..\mesh_common\mesh\libraries\csr_101x\libcsrmesh.a(csr_mesh_bearer.o)
                              ..\mesh_common\mesh\libraries\csr_101x\libcsrmesh.a(csr_mesh_mtl.o) (___libcsrmesh_335)
..\mesh_common\mesh\libraries\csr_101x\libcsrmesh.a(csr_mesh_bearer_porting_util.o)
                              ..\mesh_common\mesh\libraries\csr_101x\libcsrmesh.a(csr_mesh_bearer.o) (___libcsrmesh_353)
..\mesh_common\mesh\libraries\csr_101x\libcsrmesh.a(csr_mesh_hal_ifce.o)
                              ..\mesh_common\mesh\libraries\csr_101x\libcsrmesh.a(csr_mesh_masp.o) (___libcsrmesh_363)
..\mesh_common\mesh\libraries\csr_101x\libcsrmesh.a(csr_mesh_security_ifce_101x.o)
                              ..\mesh_common\mesh\libraries\csr_101x\libcsrmesh.a(csr_mesh_mtl.o) (___libcsrmesh_371)
..\mesh_common\mesh\libraries\csr_101x\libcsrmesh.a(csr1010_scheduler.o)
                              ..\mesh_common\mesh\libraries\csr_101x\libcsrmesh.a(csr_mesh_bearer_porting_util.o) (IsCSRSchedRunning)
..\mesh_common\mesh\libraries\csr_101x\libcsrmesh.a(sig_mesh_relay.o)
                              ..\mesh_common\mesh\libraries\csr_101x\libcsrmesh.a(csr_mesh_bearer.o) (___libcsrmesh_414)
..\mesh_common\mesh\libraries\csr_101x\libcsrmesh.a(csr_mesh_bearer_model.o)
                              ..\mesh_common\mesh\libraries\csr_101x\libcsrmesh.a(csr_mesh_mcp.o) (BearerModelInit)
..\mesh_common\mesh\libraries\csr_101x\libcsrmesh.a(csr_mesh_config_model.o)
                              ..\mesh_common\mesh\libraries\csr_101x\libcsrmesh.a(csr_mesh_bearer_model.o) (___libcsrmesh_111)
..\mesh_common\mesh\libraries\csr_101x\libcsrmesh.a(csr_mesh_ec_math.o)
                              ..\mesh_common\mesh\libraries\csr_101x\libcsrmesh.a(csr_mesh_masp.o) (___libcsrmesh_127)
..\mesh_common\mesh\libraries\csr_101x\libcsrmesh.a(csr_mesh_group_model.o)
                              ..\mesh_common\mesh\libraries\csr_101x\libcsrmesh.a(csr_mesh_mcp.o) (GroupModelInit)
..\mesh_common\mesh\libraries\csr_101x\libcsrmesh.a(csr_mesh_large_num.o)
                              ..\mesh_common\mesh\libraries\csr_101x\libcsrmesh.a(csr_mesh_ec_math.o) (___libcsrmesh_161)
..\mesh_common\mesh\libraries\csr_101x\libcsrmesh.a(csr_mesh_sha_add_to_cache.o)
                              ..\mesh_common\mesh\libraries\csr_101x\libcsrmesh.a(csr_mesh_sha256_get_results.o) (___libcsrmesh_286)
..\mesh_common\mesh\libraries\csr_101x\libcsrmesh.a(csr_mesh_sha256_calc_ith_hash_val.o)
                              ..\mesh_common\mesh\libraries\csr_101x\libcsrmesh.a(csr_mesh_sha256_process_data.o) (___libcsrmesh_292)
..\mesh_common\mesh\libraries\csr_101x\libdata_server.a(data_model.o)
                              depend_Release_CSR101x_A05\data_model_handler.o (DataModelInit)
..\mesh_common\mesh\libraries\csr_101x\libdata_client.a(data_client.o)
                              depend_Release_CSR101x_A05\main_app.o (DataBlockSend)
[...]
Memory Configuration

Name             Origin             Length             Attributes
*default*        0x00000000         0xffffffff

Linker script and memory map

LOAD depend_Release_CSR101x_A05\app_gatt_db.o
LOAD depend_Release_CSR101x_A05\conn_param_update.o
LOAD depend_Release_CSR101x_A05\nvm_access.o
LOAD depend_Release_CSR101x_A05\cm_common.o
LOAD depend_Release_CSR101x_A05\cm_hal.o
LOAD depend_Release_CSR101x_A05\cm_private.o
LOAD depend_Release_CSR101x_A05\cm_security.o
LOAD depend_Release_CSR101x_A05\cm_server.o
LOAD depend_Release_CSR101x_A05\cm_observer.o
LOAD depend_Release_CSR101x_A05\cm_peripheral.o
LOAD depend_Release_CSR101x_A05\battery_hw.o
LOAD depend_Release_CSR101x_A05\fast_pwm.o
LOAD depend_Release_CSR101x_A05\iot_hw.o
LOAD depend_Release_CSR101x_A05\csr_mesh_ps_ifce.o
LOAD depend_Release_CSR101x_A05\attention_model_handler.o
LOAD depend_Release_CSR101x_A05\battery_model_handler.o
LOAD depend_Release_CSR101x_A05\core_mesh_handler.o
LOAD depend_Release_CSR101x_A05\data_model_handler.o
LOAD depend_Release_CSR101x_A05\light_model_handler.o
LOAD depend_Release_CSR101x_A05\power_model_handler.o
LOAD depend_Release_CSR101x_A05\app_util.o
LOAD depend_Release_CSR101x_A05\connection_handler.o
LOAD depend_Release_CSR101x_A05\advertisement_handler.o
LOAD depend_Release_CSR101x_A05\time_model_handler.o
LOAD depend_Release_CSR101x_A05\action_model_handler.o
LOAD depend_Release_CSR101x_A05\largeobjecttransfer_model_handler.o
LOAD depend_Release_CSR101x_A05\asset_model_handler.o
LOAD depend_Release_CSR101x_A05\tracker_model_handler.o
LOAD depend_Release_CSR101x_A05\gap_service.o
LOAD depend_Release_CSR101x_A05\gatt_service.o
LOAD depend_Release_CSR101x_A05\mesh_control_service.o
LOAD depend_Release_CSR101x_A05\csr_ota_service.o
LOAD depend_Release_CSR101x_A05\main_app.o
LOAD depend_Release_CSR101x_A05\app_mesh_handler.o
LOAD depend_Release_CSR101x_A05\app_hw.o
LOAD depend_Release_CSR101x_A05\byte_queue.o
LOAD ..\mesh_common\mesh\libraries\csr_101x\libcsrmesh.a
LOAD ..\mesh_common\mesh\libraries\csr_101x\liblight_server.a
LOAD ..\mesh_common\mesh\libraries\csr_101x\libpower_server.a
LOAD ..\mesh_common\mesh\libraries\csr_101x\libdata_server.a
LOAD ..\mesh_common\mesh\libraries\csr_101x\libdata_client.a
LOAD C:\CSR_uEnergy_SDK-2.6.3.11\tools\lib\otau\v6\libotau.a
LOAD C:\CSR_uEnergy_SDK-2.6.3.11\tools\lib\CSR101x_A05\libgatt_lib_ram.a
LOAD C:\CSR_uEnergy_SDK-2.6.3.11\tools\lib\CSR101x_A05\rom_img.elf
                0x00000000                PROG_RAM_START = 0x0
                0x00008000                PROG_RAM_SIZE = 0x8000
                0x00008000                PROG_ROM_START = 0x8000
                0x00008000                PROG_ROM_SIZE = 0x8000
                0x00002000                DATA_RAM_START = 0x2000
                0x00008000                DATA_RAM_SIZE = 0x8000
                0x000001b0                RADIOBUFS_SIZE = 0x1b0
                0x00000020                WHITELIST_SIZE = 0x20
                0x00000164                RADIODATA_SIZE = 0x164
                0x00000200                USTACK_SIZE = 0x200
                0x00000100                ISTACK_SIZE = 0x100
                0x00009f84                DATA_CSTORE_START = 0x9f84
                0x00000058                CSTORE_SIZE = 0x58
                0x00000004                SLT_SIZE = 0x4
                0x00000020                PRESERVE_SIZE = 0x20
                0x0000a000                DATA_RAM_END = 0xa000
                0x0000a000                DATA_ROM_START = 0xa000
                0x00004000                DATA_ROM_SIZE = 0x4000
                0x0000ef80                DATA_PERSIST_START = 0xef80
                0x00000080                DATA_PERSIST_SIZE = 0x80
                0x00009360                DATA_ROMDATA_START = 0x9360
                0x00000000                PROG_APPCODE_START = 0x0
                0x00006c00                PROG_APPCODE_END = 0x6c00
                0x00008c40                DATA_APPDATA_START = 0x8c40
                0x0000935f                DATA_APPDATA_END = 0x935f
                0x80000000                $CODE$ = 0x80000000
                0x00000000                $DATA$ = 0x0
                0x0000ffe0                PROVIDE ($XAP_AH, 0xffe0)
                0x0000ffe1                PROVIDE ($XAP_AL, 0xffe1)
                0x0000ffe2                PROVIDE ($XAP_UXH, 0xffe2)
                0x0000ffe3                PROVIDE ($XAP_UXL, 0xffe3)
                0x0000ffe4                PROVIDE ($XAP_UY, 0xffe4)
                0x0000ffe5                PROVIDE ($XAP_IXH, 0xffe5)
                0x0000ffe6                PROVIDE ($XAP_IXL, 0xffe6)
                0x0000ffe7                PROVIDE ($XAP_IY, 0xffe7)
                0x00000008                . = 0x8

.app_ram_init   0x00000008        0x1
 *(RAM_APP_INIT)
 RAM_APP_INIT   0x00000008        0x1 C:\CSR_uEnergy_SDK-2.6.3.11\tools\lib\CSR101x_A05\libgatt_lib_ram.a(main_ram.o)
                0x00000008                main_ram_app_init

.fw_patch_bitmap
                0x00000009        0x6
 *(FW_PATCH_BITMAP)
 FW_PATCH_BITMAP
                0x00000009        0x6 C:\CSR_uEnergy_SDK-2.6.3.11\tools\lib\CSR101x_A05\libgatt_lib_ram.a(sw_patch_ram.o)
                0x00000009                patch_bitmap

.fw_patch_table
                0x0000000f        0x1
 *(FW_PATCH_TABLE)
 FW_PATCH_TABLE
                0x0000000f        0x1 C:\CSR_uEnergy_SDK-2.6.3.11\tools\lib\CSR101x_A05\libgatt_lib_ram.a(sw_patch_ram.o)
                0x0000000f                patch_table
                0x00000010                PROG_APPCODE_START = .

.text           0x00000010     0x55d6 load address 0x80000010
 *xap2crt0.o(.text)
 *xap2crt0.o(.text.*)
                0x00000010                PROG_PATCH_ADDRESS = .
 *(.hw_patch)
 .hw_patch      0x00000010      0x1d8 C:\CSR_uEnergy_SDK-2.6.3.11\tools\lib\CSR101x_A05\libgatt_lib_ram.a(patch_baldrick.o)
                0x00000010                hw_patch
 *(.text)
 .text          0x000001e8       0x3c C:\CSR_uEnergy_SDK-2.6.3.11\tools\lib\CSR101x_A05\libgatt_lib_ram.a(sm_ram.o)
                0x00000216                SMDistributeMasterLtk
                0x000001e8                ___libgatt_lib_db_476
                0x000001f8                SMFeaturesReq
 .text          0x00000224      0x1cf C:\CSR_uEnergy_SDK-2.6.3.11\tools\lib\CSR101x_A05\libgatt_lib_ram.a(patch_sm.o)
                0x00000392                ___libgatt_lib_db_4595
                0x00000259                ___libgatt_lib_db_4594
                0x000002ef                ___libgatt_lib_db_4605
                0x00000224                ___libgatt_lib_db_4591
                0x00000343                ___libgatt_lib_db_4593
                0x000002b4                ___libgatt_lib_db_4592
                0x000002cd                ___libgatt_lib_db_4590
                0x000002be                ___libgatt_lib_db_4596
 .text          0x000003f3        0xf C:\CSR_uEnergy_SDK-2.6.3.11\tools\lib\CSR101x_A05\libgatt_lib_ram.a(patch_sm_l2cap.o)
                0x000003f3                ___libgatt_lib_db_4607
 *(.text.*)
 .text.GattGetDatabase
                0x00000402        0x8 depend_Release_CSR101x_A05\app_gatt_db.o
                0x00000402                GattGetDatabase
 .text.handleGapCppTimerExpiry
                0x0000040a       0x12 depend_Release_CSR101x_A05\conn_param_update.o
 .text.requestConnParamUpdate
                0x0000041c       0x1c depend_Release_CSR101x_A05\conn_param_update.o
 .text.ConnectionParamUpdateEvent
                0x00000438       0x83 depend_Release_CSR101x_A05\conn_param_update.o
                0x00000438                ConnectionParamUpdateEvent
 .text.StopConnParamsUpdate
                0x000004bb        0xf depend_Release_CSR101x_A05\conn_param_update.o
                0x000004bb                StopConnParamsUpdate
 .text.processNewParams
                0x000004ca       0x49 depend_Release_CSR101x_A05\conn_param_update.o
 .text.RequestConnParamsUpdate
                0x00000513       0x26 depend_Release_CSR101x_A05\conn_param_update.o
                0x00000513                RequestConnParamsUpdate
 .text.nvmDisable
                0x00000539        0x9 depend_Release_CSR101x_A05\nvm_access.o
 .text.reportPanic
                0x00000542        0x3 depend_Release_CSR101x_A05\nvm_access.o
 .text.Nvm_Write
                0x00000545        0xd depend_Release_CSR101x_A05\nvm_access.o
                0x00000545                Nvm_Write
 .text.Nvm_Read
                0x00000552        0xd depend_Release_CSR101x_A05\nvm_access.o
                0x00000552                Nvm_Read
 .text.Nvm_Init
                0x0000055f       0x26 depend_Release_CSR101x_A05\nvm_access.o
                0x0000055f                Nvm_Init
 .text.CMIsAddressResolvableRandom
                0x00000585       0x11 depend_Release_CSR101x_A05\cm_common.o
                0x00000585                CMIsAddressResolvableRandom
 .text.CMGetDeviceBondState
                0x00000596        0xb depend_Release_CSR101x_A05\cm_common.o
                0x00000596                CMGetDeviceBondState
 .text.CMReadRssi
                0x000005a1        0x8 depend_Release_CSR101x_A05\cm_common.o
                0x000005a1                CMReadRssi
 .text.CMConfigureRadioEvent
                0x000005a9        0xb depend_Release_CSR101x_A05\cm_common.o
                0x000005a9                CMConfigureRadioEvent
 .text.CMGetDevConnParam
                0x000005b4       0x17 depend_Release_CSR101x_A05\cm_common.o
                0x000005b4                CMGetDevConnParam
 .text.CMGetPeerDeviceRole
                0x000005cb       0x13 depend_Release_CSR101x_A05\cm_common.o
                0x000005cb                CMGetPeerDeviceRole
 .text.CMGetDevState
                0x000005de       0x13 depend_Release_CSR101x_A05\cm_common.o
                0x000005de                CMGetDevState
 .text.CMConnectionUpdateSignalingRsp
                0x000005f1        0x2 depend_Release_CSR101x_A05\cm_common.o
                0x000005f1                CMConnectionUpdateSignalingRsp
 .text.CMConnParamUpdateReq
                0x000005f3        0x5 depend_Release_CSR101x_A05\cm_common.o
                0x000005f3                CMConnParamUpdateReq
 .text.CMGetBdAdressFromDeviceId
                0x000005f8       0x17 depend_Release_CSR101x_A05\cm_common.o
                0x000005f8                CMGetBdAdressFromDeviceId
 .text.CMGetBondIdFromDeviceId
                0x0000060f       0x14 depend_Release_CSR101x_A05\cm_common.o
                0x0000060f                CMGetBondIdFromDeviceId
 .text.CMDisconnect
                0x00000623        0xe depend_Release_CSR101x_A05\cm_common.o
                0x00000623                CMDisconnect
 .text.CMInit   0x00000631       0x1e depend_Release_CSR101x_A05\cm_common.o
                0x00000631                CMInit
 .text.asyncApiTimeout
                0x0000064f        0x7 depend_Release_CSR101x_A05\cm_common.o
 .text.getDeviceIdFromCid
                0x00000656       0x12 depend_Release_CSR101x_A05\cm_hal.o
 .text.getDeviceIdFromHciHandle
                0x00000668       0x12 depend_Release_CSR101x_A05\cm_hal.o
 .text.HALGetMsgId
                0x0000067a        0x5 depend_Release_CSR101x_A05\cm_hal.o
                0x0000067a                HALGetMsgId
 .text.HALGetMsg
                0x0000067f        0x5 depend_Release_CSR101x_A05\cm_hal.o
                0x0000067f                HALGetMsg
 .text.HALAddNewDevice
                0x00000684       0x23 depend_Release_CSR101x_A05\cm_hal.o
                0x00000684                HALAddNewDevice
 .text.HALParseConnCompleteInd
                0x000006a7       0x35 depend_Release_CSR101x_A05\cm_hal.o
                0x000006a7                HALParseConnCompleteInd
 .text.HALParseDisconnCompleteInd
                0x000006dc       0x12 depend_Release_CSR101x_A05\cm_hal.o
                0x000006dc                HALParseDisconnCompleteInd
 .text.HALParseEncChangeInd
                0x000006ee       0x12 depend_Release_CSR101x_A05\cm_hal.o
                0x000006ee                HALParseEncChangeInd
 .text.HALParseRadioEventInd
                0x00000700        0x1 depend_Release_CSR101x_A05\cm_hal.o
                0x00000700                HALParseRadioEventInd
 .text.HALParseAccessWriteInd
                0x00000701        0xb depend_Release_CSR101x_A05\cm_hal.o
                0x00000701                HALParseAccessWriteInd
 .text.HALParseAccessReadInd
                0x0000070c        0xb depend_Release_CSR101x_A05\cm_hal.o
                0x0000070c                HALParseAccessReadInd
 .text.HALParseConnectionUpdateInd
                0x00000717        0xf depend_Release_CSR101x_A05\cm_hal.o
                0x00000717                HALParseConnectionUpdateInd
 .text.CMProcessMsg
                0x00000726        0xb depend_Release_CSR101x_A05\cm_hal.o
                0x00000726                CMProcessMsg
 .text.getDeviceIdFromBDAddress
                0x00000731       0x22 depend_Release_CSR101x_A05\cm_hal.o
 .text.HALGetDeviceId
                0x00000753       0x4b depend_Release_CSR101x_A05\cm_hal.o
                0x00000753                HALGetDeviceId
 .text.HALMatchBluetoothAddress
                0x0000079e       0x2c depend_Release_CSR101x_A05\cm_hal.o
                0x0000079e                HALMatchBluetoothAddress
 .text.HALConnectionUpdateSignallingRsp
                0x000007ca       0x14 depend_Release_CSR101x_A05\cm_hal.o
                0x000007ca                HALConnectionUpdateSignallingRsp
 .text.HALConnectionParamUpdateReq
                0x000007de        0xb depend_Release_CSR101x_A05\cm_hal.o
                0x000007de                HALConnectionParamUpdateReq
 .text.HALSendValueIndication
                0x000007e9       0x11 depend_Release_CSR101x_A05\cm_hal.o
                0x000007e9                HALSendValueIndication
 .text.HALSendValueNotification
                0x000007fa       0x10 depend_Release_CSR101x_A05\cm_hal.o
                0x000007fa                HALSendValueNotification
 .text.HALSMInit
                0x0000080a        0x2 depend_Release_CSR101x_A05\cm_hal.o
                0x0000080a                HALSMInit
 .text.HALServerWriteInit
                0x0000080c        0x3 depend_Release_CSR101x_A05\cm_hal.o
                0x0000080c                HALServerWriteInit
 .text.CMGetMainData
                0x0000080f        0x3 depend_Release_CSR101x_A05\cm_private.o
                0x0000080f                CMGetMainData
 .text.CMNotifyEventToApplication
                0x00000812        0x8 depend_Release_CSR101x_A05\cm_private.o
                0x00000812                CMNotifyEventToApplication
 .text.CMPrivateInit
                0x0000081a       0x1d depend_Release_CSR101x_A05\cm_private.o
                0x0000081a                CMPrivateInit
 .text.CMResetDevConnParam
                0x00000837        0xd depend_Release_CSR101x_A05\cm_private.o
                0x00000837                CMResetDevConnParam
 .text.CMIsDeviceIdValid
                0x00000844        0x7 depend_Release_CSR101x_A05\cm_private.o
                0x00000844                CMIsDeviceIdValid
 .text.CMSetDeviceBondState
                0x0000084b        0x9 depend_Release_CSR101x_A05\cm_private.o
                0x0000084b                CMSetDeviceBondState
 .text.CMReportPanic
                0x00000854        0x3 depend_Release_CSR101x_A05\cm_private.o
                0x00000854                CMReportPanic
 .text.CMSetDeviceEncryptState
                0x00000857       0x11 depend_Release_CSR101x_A05\cm_private.o
                0x00000857                CMSetDeviceEncryptState
 .text.CMGetConnId
                0x00000868        0xe depend_Release_CSR101x_A05\cm_private.o
                0x00000868                CMGetConnId
 .text.CMSetConnParam
                0x00000876       0x13 depend_Release_CSR101x_A05\cm_private.o
                0x00000876                CMSetConnParam
 .text.CMSetDevState
                0x00000889       0x2a depend_Release_CSR101x_A05\cm_private.o
                0x00000889                CMSetDevState
 .text.CMGetDeviceId
                0x000008b3        0x7 depend_Release_CSR101x_A05\cm_private.o
                0x000008b3                CMGetDeviceId
 .text.handleSignalLmDisconnectComplete
                0x000008ba       0x37 depend_Release_CSR101x_A05\cm_private.o
 .text.handleSignalLsConnParamUpdateInd
                0x000008f1       0x1e depend_Release_CSR101x_A05\cm_private.o
 .text.handleSignalLsConnParamUpdateCfm
                0x0000090f       0x17 depend_Release_CSR101x_A05\cm_private.o
 .text.handleSignalLsConnectionUpdate
                0x00000926       0x1c depend_Release_CSR101x_A05\cm_private.o
 .text.CMProcessEvent
                0x00000942      0x17e depend_Release_CSR101x_A05\cm_private.o
                0x00000942                CMProcessEvent
 .text.CMGetBondedBDAddr
                0x00000ac0       0x11 depend_Release_CSR101x_A05\cm_security.o
                0x00000ac0                CMGetBondedBDAddr
 .text.handleSignalSmSimplePairingCompleteInd
                0x00000ad1       0x43 depend_Release_CSR101x_A05\cm_security.o
 .text.CMSecurityHandleProcessLMEvent
                0x00000b14       0x36 depend_Release_CSR101x_A05\cm_security.o
                0x00000b14                CMSecurityHandleProcessLMEvent
 .text.ClearBondingInfo
                0x00000b4a       0x2b depend_Release_CSR101x_A05\cm_security.o
                0x00000b4a                ClearBondingInfo
 .text.CMGetBondId
                0x00000b75       0x21 depend_Release_CSR101x_A05\cm_security.o
                0x00000b75                CMGetBondId
 .text.CMIsDeviceBonded
                0x00000b96       0x20 depend_Release_CSR101x_A05\cm_security.o
                0x00000b96                CMIsDeviceBonded
 .text.CMSecurityInit
                0x00000bb6       0x4c depend_Release_CSR101x_A05\cm_security.o
                0x00000bb6                CMSecurityInit
 .text.CMServerGetHandler
                0x00000c02       0x13 depend_Release_CSR101x_A05\cm_server.o
                0x00000c02                CMServerGetHandler
 .text.CMServerNotifyGenericEvent
                0x00000c15       0x18 depend_Release_CSR101x_A05\cm_server.o
                0x00000c15                CMServerNotifyGenericEvent
 .text.CMServerNotifyGattEvent
                0x00000c2d        0x8 depend_Release_CSR101x_A05\cm_server.o
                0x00000c2d                CMServerNotifyGattEvent
 .text.CMServerInitRegisterHandler
                0x00000c35       0x1a depend_Release_CSR101x_A05\cm_server.o
                0x00000c35                CMServerInitRegisterHandler
 .text.CMServerHandleProcessLMEvent
                0x00000c4f       0x7b depend_Release_CSR101x_A05\cm_server.o
                0x00000c4f                CMServerHandleProcessLMEvent
 .text.CMSendValueIndication
                0x00000cca        0x2 depend_Release_CSR101x_A05\cm_server.o
                0x00000cca                CMSendValueIndication
 .text.CMSendValueNotification
                0x00000ccc        0x5 depend_Release_CSR101x_A05\cm_server.o
                0x00000ccc                CMSendValueNotification
 .text.CMSendAccessRsp
                0x00000cd1       0x15 depend_Release_CSR101x_A05\cm_server.o
                0x00000cd1                CMSendAccessRsp
 .text.CMServerInit
                0x00000ce6       0x1b depend_Release_CSR101x_A05\cm_server.o
                0x00000ce6                CMServerInit
 .text.CMObserverInit
                0x00000d01        0x4 depend_Release_CSR101x_A05\cm_observer.o
                0x00000d01                CMObserverInit
 .text.CMObserverEnableRawReports
                0x00000d05        0x3 depend_Release_CSR101x_A05\cm_observer.o
                0x00000d05                CMObserverEnableRawReports
 .text.CMObserverHandleProcessLMEvent
                0x00000d08       0x11 depend_Release_CSR101x_A05\cm_observer.o
                0x00000d08                CMObserverHandleProcessLMEvent
 .text.CMPeripheralInit
                0x00000d19        0xa depend_Release_CSR101x_A05\cm_peripheral.o
                0x00000d19                CMPeripheralInit
 .text.IOTSwitchInit
                0x00000d23       0x29 depend_Release_CSR101x_A05\iot_hw.o
                0x00000d23                IOTSwitchInit
 .text.getPsKeyOffset
                0x00000d4c       0x16 depend_Release_CSR101x_A05\csr_mesh_ps_ifce.o
 .text.CSRmeshPsInit
                0x00000d62        0x2 depend_Release_CSR101x_A05\csr_mesh_ps_ifce.o
                0x00000d62                CSRmeshPsInit
 .text.CSRmeshPsSecureWrite
                0x00000d64        0xa depend_Release_CSR101x_A05\csr_mesh_ps_ifce.o
                0x00000d64                CSRmeshPsSecureWrite
 .text.CSRmeshPsWrite
                0x00000d6e        0xa depend_Release_CSR101x_A05\csr_mesh_ps_ifce.o
                0x00000d6e                CSRmeshPsWrite
 .text.CSRmeshPsSecureRead
                0x00000d78        0xa depend_Release_CSR101x_A05\csr_mesh_ps_ifce.o
                0x00000d78                CSRmeshPsSecureRead
 .text.CSRmeshPsRead
                0x00000d82        0xa depend_Release_CSR101x_A05\csr_mesh_ps_ifce.o
                0x00000d82                CSRmeshPsRead
 .text.CSRmeshIsPsReadyForAccess
                0x00000d8c       0x18 depend_Release_CSR101x_A05\csr_mesh_ps_ifce.o
                0x00000d8c                CSRmeshIsPsReadyForAccess
 .text.attnTimerHandler
                0x00000da4        0x8 depend_Release_CSR101x_A05\core_mesh_handler.o
 .text.AppGetAssociatedState
                0x00000dac        0x5 depend_Release_CSR101x_A05\core_mesh_handler.o
                0x00000dac                AppGetAssociatedState
 .text.IsGattBearerEnabled
                0x00000db1        0x6 depend_Release_CSR101x_A05\core_mesh_handler.o
                0x00000db1                IsGattBearerEnabled
 .text.AppGetStoredBearerState
                0x00000db7        0xb depend_Release_CSR101x_A05\core_mesh_handler.o
                0x00000db7                AppGetStoredBearerState
 .text.AppInitializeSeqCache
                0x00000dc2        0x1 depend_Release_CSR101x_A05\core_mesh_handler.o
                0x00000dc2                AppInitializeSeqCache
 .text.AppClearSeqCache
                0x00000dc3        0x1 depend_Release_CSR101x_A05\core_mesh_handler.o
                0x00000dc3                AppClearSeqCache
 .text.AppSetTxPower
                0x00000dc4       0x13 depend_Release_CSR101x_A05\core_mesh_handler.o
                0x00000dc4                AppSetTxPower
 .text.MeshHandlerInit
                0x00000dd7        0xa depend_Release_CSR101x_A05\core_mesh_handler.o
                0x00000dd7                MeshHandlerInit
 .text.AppUpdateBearerState
                0x00000de1        0xf depend_Release_CSR101x_A05\core_mesh_handler.o
                0x00000de1                AppUpdateBearerState
 .text.InitiateAssociation
                0x00000df0       0x1d depend_Release_CSR101x_A05\core_mesh_handler.o
                0x00000df0                InitiateAssociation
 .text.appProcessMeshEvent
                0x00000e0d       0xfa depend_Release_CSR101x_A05\core_mesh_handler.o
 .text.deviceIdAdvertTimeoutHandler
                0x00000f07       0x2f depend_Release_CSR101x_A05\core_mesh_handler.o
 .text.appDataClientHandler
                0x00000f36        0x2 depend_Release_CSR101x_A05\data_model_handler.o
 .text.DataModelHandlerInit
                0x00000f38        0xd depend_Release_CSR101x_A05\data_model_handler.o
                0x00000f38                DataModelHandlerInit
 .text.appDataServerHandler
                0x00000f45        0xb depend_Release_CSR101x_A05\data_model_handler.o
 .text.ReportPanic
                0x00000f50        0x3 depend_Release_CSR101x_A05\app_util.o
                0x00000f50                ReportPanic
 .text.InitialiseGattData
                0x00000f53        0xc depend_Release_CSR101x_A05\connection_handler.o
                0x00000f53                InitialiseGattData
 .text.GetConnectedDeviceId
                0x00000f5f        0x3 depend_Release_CSR101x_A05\connection_handler.o
                0x00000f5f                GetConnectedDeviceId
 .text.GetDevicePairingStatus
                0x00000f62        0x3 depend_Release_CSR101x_A05\connection_handler.o
                0x00000f62                GetDevicePairingStatus
 .text.AppOtaReset
                0x00000f65        0xb depend_Release_CSR101x_A05\connection_handler.o
                0x00000f65                AppOtaReset
 .text.AppRequestConnParamUpdate
                0x00000f70       0x19 depend_Release_CSR101x_A05\connection_handler.o
                0x00000f70                AppRequestConnParamUpdate
 .text.AppSetState
                0x00000f89       0x1f depend_Release_CSR101x_A05\connection_handler.o
                0x00000f89                AppSetState
 .text.AppCMInit
                0x00000fa8       0x22 depend_Release_CSR101x_A05\connection_handler.o
                0x00000fa8                AppCMInit
 .text.handleConnNotify
                0x00000fca       0x89 depend_Release_CSR101x_A05\connection_handler.o
 .text.appHandleConnMgrProcEvent
                0x00001053       0xb1 depend_Release_CSR101x_A05\connection_handler.o
 .text.GattStopAdverts
                0x00001104        0xa depend_Release_CSR101x_A05\advertisement_handler.o
                0x00001104                GattStopAdverts
 .text.csrStoreUserAdvData
                0x0000110e       0x2d depend_Release_CSR101x_A05\advertisement_handler.o
 .text.gattSetAdvertData
                0x0000113b       0x67 depend_Release_CSR101x_A05\advertisement_handler.o
 .text.GattTriggerConnectableAdverts
                0x000011a2       0x4f depend_Release_CSR101x_A05\advertisement_handler.o
                0x000011a2                GattTriggerConnectableAdverts
 .text.gattAdvertTimerHandler
                0x000011f1        0x9 depend_Release_CSR101x_A05\advertisement_handler.o
 .text.writeDeviceNameToNvm
                0x000011fa       0x16 depend_Release_CSR101x_A05\gap_service.o
 .text.handleConnMgrProcedureEvent
                0x00001210       0x53 depend_Release_CSR101x_A05\gap_service.o
 .text.GapGetNameAndLength
                0x00001263        0xc depend_Release_CSR101x_A05\gap_service.o
                0x00001263                GapGetNameAndLength
 .text.GapInitServerService
                0x0000126f       0x48 depend_Release_CSR101x_A05\gap_service.o
                0x0000126f                GapInitServerService
 .text.GattServiceChangedIndActive
                0x000012b7        0x8 depend_Release_CSR101x_A05\gatt_service.o
                0x000012b7                GattServiceChangedIndActive
 .text.writeToNvm
                0x000012bf       0x1f depend_Release_CSR101x_A05\gatt_service.o
 .text.handleConnMgrProcedureEvent
                0x000012de       0xbc depend_Release_CSR101x_A05\gatt_service.o
 .text.readDataFromNVM
                0x0000139a       0x30 depend_Release_CSR101x_A05\gatt_service.o
 .text.GattExtInitServerService
                0x000013ca       0x20 depend_Release_CSR101x_A05\gatt_service.o
                0x000013ca                GattExtInitServerService
 .text.MeshControlServiceDataInit
                0x000013ea        0x8 depend_Release_CSR101x_A05\mesh_control_service.o
                0x000013ea                MeshControlServiceDataInit
 .text.MeshControlNotifyResponse
                0x000013f2       0x2a depend_Release_CSR101x_A05\mesh_control_service.o
                0x000013f2                MeshControlNotifyResponse
 .text.MeshControlInitServerService
                0x0000141c        0xf depend_Release_CSR101x_A05\mesh_control_service.o
                0x0000141c                MeshControlInitServerService
 .text.handleAccessRead
                0x0000142b       0x3e depend_Release_CSR101x_A05\mesh_control_service.o
 .text.handleAccessWrite
                0x00001469       0x9b depend_Release_CSR101x_A05\mesh_control_service.o
 .text.handleConnMgrProcedureEvent
                0x00001504        0xe depend_Release_CSR101x_A05\mesh_control_service.o
 .text.OtaInitServerService
                0x00001512        0xf depend_Release_CSR101x_A05\csr_ota_service.o
                0x00001512                OtaInitServerService
 .text.handleAccessWrite
                0x00001521       0x96 depend_Release_CSR101x_A05\csr_ota_service.o
 .text.handleConnMgrProcedureEvent
                0x000015b7       0x44 depend_Release_CSR101x_A05\csr_ota_service.o
 .text.atoh     0x000015fb       0x21 depend_Release_CSR101x_A05\main_app.o
                0x000015fb                atoh
 .text.AppPowerOnReset
                0x0000161c        0x1 depend_Release_CSR101x_A05\main_app.o
                0x0000161c                AppPowerOnReset
 .text.AppProcessLmEvent
                0x0000161d        0x5 depend_Release_CSR101x_A05\main_app.o
                0x0000161d                AppProcessLmEvent
 .text.AppProcessSystemEvent
                0x00001622        0x6 depend_Release_CSR101x_A05\main_app.o
                0x00001622                AppProcessSystemEvent
 .text.AppNvmReady
                0x00001628        0xc depend_Release_CSR101x_A05\main_app.o
                0x00001628                AppNvmReady
 .text.AppInit  0x00001634       0x4c depend_Release_CSR101x_A05\main_app.o
                0x00001634                AppInit
 .text.processRxCmd
                0x00001680       0xca depend_Release_CSR101x_A05\main_app.o
 .text.UartDataRxCallback
                0x0000174a       0x20 depend_Release_CSR101x_A05\main_app.o
 .text.AppDataInit
                0x0000176a        0x8 depend_Release_CSR101x_A05\main_app.o
                0x0000176a                AppDataInit
 .text.InitAppSupportedServices
                0x00001772       0x18 depend_Release_CSR101x_A05\main_app.o
                0x00001772                InitAppSupportedServices
 .text.AppHandleAssociationComplete
                0x0000178a        0x5 depend_Release_CSR101x_A05\app_mesh_handler.o
                0x0000178a                AppHandleAssociationComplete
 .text.writeSupportedModelGroupsOntoNVM
                0x0000178f        0x9 depend_Release_CSR101x_A05\app_mesh_handler.o
 .text.HandleGroupSetMsg
                0x00001798       0x1a depend_Release_CSR101x_A05\app_mesh_handler.o
                0x00001798                HandleGroupSetMsg
 .text.initializeSupportedModelGroups
                0x000017b2        0x9 depend_Release_CSR101x_A05\app_mesh_handler.o
 .text.RemoveAssociation
                0x000017bb       0x49 depend_Release_CSR101x_A05\app_mesh_handler.o
                0x000017bb                RemoveAssociation
 .text.AppMeshInit
                0x00001804      0x102 depend_Release_CSR101x_A05\app_mesh_handler.o
                0x00001804                AppMeshInit
 .text.LightHardwareInit
                0x00001906        0x2 depend_Release_CSR101x_A05\app_hw.o
                0x00001906                LightHardwareInit
 .text.HandlePIOChangedEvent
                0x00001908       0x24 depend_Release_CSR101x_A05\app_hw.o
                0x00001908                HandlePIOChangedEvent
 .text.longKeyPressTimeoutHandler
                0x0000192c        0xb depend_Release_CSR101x_A05\app_hw.o
 .text.BQGetDataSize
                0x00001937        0xc depend_Release_CSR101x_A05\byte_queue.o
                0x00001937                BQGetDataSize
 .text.BQCommitLastPeek
                0x00001943        0x5 depend_Release_CSR101x_A05\byte_queue.o
                0x00001943                BQCommitLastPeek
 .text.peekBuffer
                0x00001948       0x49 depend_Release_CSR101x_A05\byte_queue.o
 .text.BQPopBytes
                0x00001991        0x6 depend_Release_CSR101x_A05\byte_queue.o
                0x00001991                BQPopBytes
 .text.copyIntoBuffer
                0x00001997       0x63 depend_Release_CSR101x_A05\byte_queue.o
 .text.BQForceQueueBytes
                0x000019fa        0x1 depend_Release_CSR101x_A05\byte_queue.o
                0x000019fa                BQForceQueueBytes
 .text.CSRmeshRegisterAppCallback
                0x000019fb       0x10 ..\mesh_common\mesh\libraries\csr_101x\libcsrmesh.a(csr_mesh.o)
                0x000019fb                CSRmeshRegisterAppCallback
 .text.CSRmeshGetDeviceID
                0x00001a0b       0x21 ..\mesh_common\mesh\libraries\csr_101x\libcsrmesh.a(csr_mesh.o)
                0x00001a0b                CSRmeshGetDeviceID
 .text.___libcsrmesh_86
                0x00001a2c       0x1a ..\mesh_common\mesh\libraries\csr_101x\libcsrmesh.a(csr_mesh.o)
                0x00001a2c                ___libcsrmesh_86
 .text.___libcsrmesh_85
                0x00001a46        0xc ..\mesh_common\mesh\libraries\csr_101x\libcsrmesh.a(csr_mesh.o)
                0x00001a46                ___libcsrmesh_85
 .text.CSRmeshAssociateToANetwork
                0x00001a52       0x16 ..\mesh_common\mesh\libraries\csr_101x\libcsrmesh.a(csr_mesh.o)
                0x00001a52                CSRmeshAssociateToANetwork
 .text.CSRmeshGetDefaultTTL
                0x00001a68       0x1b ..\mesh_common\mesh\libraries\csr_101x\libcsrmesh.a(csr_mesh.o)
                0x00001a68                CSRmeshGetDefaultTTL
 .text.CSRmeshSetDefaultTTL
                0x00001a83       0x10 ..\mesh_common\mesh\libraries\csr_101x\libcsrmesh.a(csr_mesh.o)
                0x00001a83                CSRmeshSetDefaultTTL
 .text.CSRmeshSetTransmitState
                0x00001a93       0x27 ..\mesh_common\mesh\libraries\csr_101x\libcsrmesh.a(csr_mesh.o)
                0x00001a93                CSRmeshSetTransmitState
 .text.___libcsrmesh_84
                0x00001aba        0x9 ..\mesh_common\mesh\libraries\csr_101x\libcsrmesh.a(csr_mesh.o)
                0x00001aba                ___libcsrmesh_84
 .text.___libcsrmesh_88
                0x00001ac3       0x31 ..\mesh_common\mesh\libraries\csr_101x\libcsrmesh.a(csr_mesh.o)
                0x00001ac3                ___libcsrmesh_88
 .text.CSRmeshRemoveNetwork
                0x00001af4       0x1b ..\mesh_common\mesh\libraries\csr_101x\libcsrmesh.a(csr_mesh.o)
                0x00001af4                CSRmeshRemoveNetwork
 .text.CSRMeshUpdateMeshContextData
                0x00001b0f       0x94 ..\mesh_common\mesh\libraries\csr_101x\libcsrmesh.a(csr_mesh.o)
 .text.CSRmeshStart
                0x00001ba3       0x20 ..\mesh_common\mesh\libraries\csr_101x\libcsrmesh.a(csr_mesh.o)
                0x00001ba3                CSRmeshStart
 .text.CSRMeshUpdateConfigRole
                0x00001bc3       0x14 ..\mesh_common\mesh\libraries\csr_101x\libcsrmesh.a(csr_mesh.o)
 .text.CSRmeshInit
                0x00001bd7       0x65 ..\mesh_common\mesh\libraries\csr_101x\libcsrmesh.a(csr_mesh.o)
                0x00001bd7                CSRmeshInit
 .text.___libcsrmesh_118
                0x00001c3c        0x3 ..\mesh_common\mesh\libraries\csr_101x\libcsrmesh.a(csr_mesh_ec_alloc.o)
                0x00001c3c                ___libcsrmesh_118
 .text.___libcsrmesh_119
                0x00001c3f        0x1 ..\mesh_common\mesh\libraries\csr_101x\libcsrmesh.a(csr_mesh_ec_alloc.o)
                0x00001c3f                ___libcsrmesh_119
 .text.___libcsrmesh_117
                0x00001c40        0xa ..\mesh_common\mesh\libraries\csr_101x\libcsrmesh.a(csr_mesh_ec_alloc.o)
                0x00001c40                ___libcsrmesh_117
 .text.___libcsrmesh_116
                0x00001c4a       0x1e ..\mesh_common\mesh\libraries\csr_101x\libcsrmesh.a(csr_mesh_ec_alloc.o)
                0x00001c4a                ___libcsrmesh_116
 .text.maspFreeConfirmationBuffers
                0x00001c68       0x12 ..\mesh_common\mesh\libraries\csr_101x\libcsrmesh.a(csr_mesh_masp.o)
 .text.maspFreeClientPublicKeyBuffer
                0x00001c7a        0xc ..\mesh_common\mesh\libraries\csr_101x\libcsrmesh.a(csr_mesh_masp.o)
 .text.maspFreeAlgoBuffer
                0x00001c86        0xa ..\mesh_common\mesh\libraries\csr_101x\libcsrmesh.a(csr_mesh_masp.o)
 .text.maspAllocNmakeKeyPair
                0x00001c90       0x16 ..\mesh_common\mesh\libraries\csr_101x\libcsrmesh.a(csr_mesh_masp.o)
 .text.maspAllocAlgoBuffer
                0x00001ca6        0x6 ..\mesh_common\mesh\libraries\csr_101x\libcsrmesh.a(csr_mesh_masp.o)
 .text.maspAllocClientPublicKeyBuffer
                0x00001cac       0x12 ..\mesh_common\mesh\libraries\csr_101x\libcsrmesh.a(csr_mesh_masp.o)
 .text.maspSendEventToApp
                0x00001cbe       0x20 ..\mesh_common\mesh\libraries\csr_101x\libcsrmesh.a(csr_mesh_masp.o)
 .text.maspResetState
                0x00001cde       0x59 ..\mesh_common\mesh\libraries\csr_101x\libcsrmesh.a(csr_mesh_masp.o)
 .text.___libcsrmesh_208
                0x00001d37        0x2 ..\mesh_common\mesh\libraries\csr_101x\libcsrmesh.a(csr_mesh_masp.o)
                0x00001d37                ___libcsrmesh_208
 .text.___libcsrmesh_212
                0x00001d39       0x14 ..\mesh_common\mesh\libraries\csr_101x\libcsrmesh.a(csr_mesh_masp.o)
                0x00001d39                ___libcsrmesh_212
 .text.___libcsrmesh_204
                0x00001d4d        0x9 ..\mesh_common\mesh\libraries\csr_101x\libcsrmesh.a(csr_mesh_masp.o)
                0x00001d4d                ___libcsrmesh_204
 .text.maspCalculateConfirmation
                0x00001d56       0x4f ..\mesh_common\mesh\libraries\csr_101x\libcsrmesh.a(csr_mesh_masp.o)
 .text.maspAllocConfirmationBuffers
                0x00001da5       0x26 ..\mesh_common\mesh\libraries\csr_101x\libcsrmesh.a(csr_mesh_masp.o)
 .text.___libcsrmesh_205
                0x00001dcb       0x10 ..\mesh_common\mesh\libraries\csr_101x\libcsrmesh.a(csr_mesh_masp.o)
                0x00001dcb                ___libcsrmesh_205
 .text.maspSendMessage
                0x00001ddb       0x41 ..\mesh_common\mesh\libraries\csr_101x\libcsrmesh.a(csr_mesh_masp.o)
 .text.handleMaspMessage
                0x00001e1c      0x236 ..\mesh_common\mesh\libraries\csr_101x\libcsrmesh.a(csr_mesh_masp.o)
 .text.___libcsrmesh_207
                0x00002052       0x4d ..\mesh_common\mesh\libraries\csr_101x\libcsrmesh.a(csr_mesh_masp.o)
                0x00002052                ___libcsrmesh_207
 .text.___libcsrmesh_199
                0x0000209f       0x3a ..\mesh_common\mesh\libraries\csr_101x\libcsrmesh.a(csr_mesh_masp.o)
                0x0000209f                ___libcsrmesh_199
 .text.maspWatchdogTimeoutHandler
                0x000020d9       0x1f ..\mesh_common\mesh\libraries\csr_101x\libcsrmesh.a(csr_mesh_masp.o)
 .text.___libcsrmesh_206
                0x000020f8       0x52 ..\mesh_common\mesh\libraries\csr_101x\libcsrmesh.a(csr_mesh_masp.o)
                0x000020f8                ___libcsrmesh_206
 .text.___libcsrmesh_215
                0x0000214a       0x22 ..\mesh_common\mesh\libraries\csr_101x\libcsrmesh.a(csr_mesh_masp_mcp_common.o)
                0x0000214a                ___libcsrmesh_215
 .text.___libcsrmesh_237
                0x0000216c       0x11 ..\mesh_common\mesh\libraries\csr_101x\libcsrmesh.a(csr_mesh_mcp.o)
                0x0000216c                ___libcsrmesh_237
 .text.___libcsrmesh_236
                0x0000217d       0x18 ..\mesh_common\mesh\libraries\csr_101x\libcsrmesh.a(csr_mesh_mcp.o)
                0x0000217d                ___libcsrmesh_236
 .text.___libcsrmesh_247
                0x00002195        0x8 ..\mesh_common\mesh\libraries\csr_101x\libcsrmesh.a(csr_mesh_mcp.o)
                0x00002195                ___libcsrmesh_247
 .text.___libcsrmesh_246
                0x0000219d        0x3 ..\mesh_common\mesh\libraries\csr_101x\libcsrmesh.a(csr_mesh_mcp.o)
                0x0000219d                ___libcsrmesh_246
 .text.___libcsrmesh_233
                0x000021a0        0x3 ..\mesh_common\mesh\libraries\csr_101x\libcsrmesh.a(csr_mesh_mcp.o)
                0x000021a0                ___libcsrmesh_233
 .text.___libcsrmesh_235
                0x000021a3        0x3 ..\mesh_common\mesh\libraries\csr_101x\libcsrmesh.a(csr_mesh_mcp.o)
                0x000021a3                ___libcsrmesh_235
 .text.___libcsrmesh_232
                0x000021a6       0x32 ..\mesh_common\mesh\libraries\csr_101x\libcsrmesh.a(csr_mesh_mcp.o)
                0x000021a6                ___libcsrmesh_232
 .text.___libcsrmesh_241
                0x000021d8       0x5b ..\mesh_common\mesh\libraries\csr_101x\libcsrmesh.a(csr_mesh_mcp.o)
                0x000021d8                ___libcsrmesh_241
 .text.___libcsrmesh_245
                0x00002233       0x13 ..\mesh_common\mesh\libraries\csr_101x\libcsrmesh.a(csr_mesh_mcp.o)
                0x00002233                ___libcsrmesh_245
 .text.___libcsrmesh_239
                0x00002246       0xd3 ..\mesh_common\mesh\libraries\csr_101x\libcsrmesh.a(csr_mesh_mcp.o)
                0x00002246                ___libcsrmesh_239
 .text.___libcsrmesh_234
                0x00002319        0x4 ..\mesh_common\mesh\libraries\csr_101x\libcsrmesh.a(csr_mesh_mcp.o)
                0x00002319                ___libcsrmesh_234
 .text.___libcsrmesh_238
                0x0000231d       0x5c ..\mesh_common\mesh\libraries\csr_101x\libcsrmesh.a(csr_mesh_mcp.o)
                0x0000231d                ___libcsrmesh_238
 .text.___libcsrmesh_281
                0x00002379        0x3 ..\mesh_common\mesh\libraries\csr_101x\libcsrmesh.a(csr_mesh_mtl.o)
                0x00002379                ___libcsrmesh_281
 .text.___libcsrmesh_273
                0x0000237c        0x6 ..\mesh_common\mesh\libraries\csr_101x\libcsrmesh.a(csr_mesh_mtl.o)
                0x0000237c                ___libcsrmesh_273
 .text.___libcsrmesh_274
                0x00002382        0x5 ..\mesh_common\mesh\libraries\csr_101x\libcsrmesh.a(csr_mesh_mtl.o)
                0x00002382                ___libcsrmesh_274
 .text.___libcsrmesh_278
                0x00002387       0x3b ..\mesh_common\mesh\libraries\csr_101x\libcsrmesh.a(csr_mesh_mtl.o)
                0x00002387                ___libcsrmesh_278
 .text.___libcsrmesh_282
                0x000023c2       0x1f ..\mesh_common\mesh\libraries\csr_101x\libcsrmesh.a(csr_mesh_mtl.o)
                0x000023c2                ___libcsrmesh_282
 .text.___libcsrmesh_283
                0x000023e1       0x22 ..\mesh_common\mesh\libraries\csr_101x\libcsrmesh.a(csr_mesh_mtl.o)
                0x000023e1                ___libcsrmesh_283
 .text.___libcsrmesh_272
                0x00002403       0x2c ..\mesh_common\mesh\libraries\csr_101x\libcsrmesh.a(csr_mesh_mtl.o)
                0x00002403                ___libcsrmesh_272
 .text.MtlCryptMessage
                0x0000242f       0x28 ..\mesh_common\mesh\libraries\csr_101x\libcsrmesh.a(csr_mesh_mtl.o)
 .text.___libcsrmesh_276
                0x00002457      0x225 ..\mesh_common\mesh\libraries\csr_101x\libcsrmesh.a(csr_mesh_mtl.o)
                0x00002457                ___libcsrmesh_276
 .text.___libcsrmesh_279
                0x0000267c       0x59 ..\mesh_common\mesh\libraries\csr_101x\libcsrmesh.a(csr_mesh_mtl.o)
                0x0000267c                ___libcsrmesh_279
 .text.___libcsrmesh_271
                0x000026d5       0x1e ..\mesh_common\mesh\libraries\csr_101x\libcsrmesh.a(csr_mesh_mtl.o)
                0x000026d5                ___libcsrmesh_271
 .text.___libcsrmesh_284
                0x000026f3       0x2d ..\mesh_common\mesh\libraries\csr_101x\libcsrmesh.a(csr_mesh_mtl.o)
                0x000026f3                ___libcsrmesh_284
 .text.___libcsrmesh_297
                0x00002720       0x96 ..\mesh_common\mesh\libraries\csr_101x\libcsrmesh.a(csr_mesh_sha256_get_results.o)
                0x00002720                ___libcsrmesh_297
 .text.___libcsrmesh_308
                0x000027b6       0x24 ..\mesh_common\mesh\libraries\csr_101x\libcsrmesh.a(csr_mesh_sha256_hmac.o)
                0x000027b6                ___libcsrmesh_308
 .text.___libcsrmesh_304
                0x000027da       0x42 ..\mesh_common\mesh\libraries\csr_101x\libcsrmesh.a(csr_mesh_sha256_hmac.o)
                0x000027da                ___libcsrmesh_304
 .text.___libcsrmesh_306
                0x0000281c       0x1a ..\mesh_common\mesh\libraries\csr_101x\libcsrmesh.a(csr_mesh_sha256_hmac.o)
                0x0000281c                ___libcsrmesh_306
 .text.___libcsrmesh_307
                0x00002836       0x3d ..\mesh_common\mesh\libraries\csr_101x\libcsrmesh.a(csr_mesh_sha256_hmac.o)
                0x00002836                ___libcsrmesh_307
 .text.___libcsrmesh_305
                0x00002873       0x78 ..\mesh_common\mesh\libraries\csr_101x\libcsrmesh.a(csr_mesh_sha256_hmac.o)
                0x00002873                ___libcsrmesh_305
 .text.___libcsrmesh_311
                0x000028eb       0x19 ..\mesh_common\mesh\libraries\csr_101x\libcsrmesh.a(csr_mesh_sha256_initialise.o)
                0x000028eb                ___libcsrmesh_311
 .text.sha256_process_data
                0x00002904       0x85 ..\mesh_common\mesh\libraries\csr_101x\libcsrmesh.a(csr_mesh_sha256_process_data.o)
 .text.___libcsrmesh_317
                0x00002989        0xc ..\mesh_common\mesh\libraries\csr_101x\libcsrmesh.a(csr_mesh_sha256_process_data.o)
                0x00002989                ___libcsrmesh_317
 .text.___libcsrmesh_318
                0x00002995        0xa ..\mesh_common\mesh\libraries\csr_101x\libcsrmesh.a(csr_mesh_sha256_process_data.o)
                0x00002995                ___libcsrmesh_318
 .text.___libcsrmesh_337
                0x0000299f        0xe ..\mesh_common\mesh\libraries\csr_101x\libcsrmesh.a(csr_mesh_bearer.o)
                0x0000299f                ___libcsrmesh_337
 .text.___libcsrmesh_330
                0x000029ad       0x25 ..\mesh_common\mesh\libraries\csr_101x\libcsrmesh.a(csr_mesh_bearer.o)
                0x000029ad                ___libcsrmesh_330
 .text.___libcsrmesh_336
                0x000029d2        0xa ..\mesh_common\mesh\libraries\csr_101x\libcsrmesh.a(csr_mesh_bearer.o)
                0x000029d2                ___libcsrmesh_336
 .text.___libcsrmesh_335
                0x000029dc       0x1f ..\mesh_common\mesh\libraries\csr_101x\libcsrmesh.a(csr_mesh_bearer.o)
                0x000029dc                ___libcsrmesh_335
 .text.___libcsrmesh_331
                0x000029fb       0x35 ..\mesh_common\mesh\libraries\csr_101x\libcsrmesh.a(csr_mesh_bearer.o)
                0x000029fb                ___libcsrmesh_331
 .text.___libcsrmesh_333
                0x00002a30       0x2c ..\mesh_common\mesh\libraries\csr_101x\libcsrmesh.a(csr_mesh_bearer.o)
                0x00002a30                ___libcsrmesh_333
 .text.___libcsrmesh_332
                0x00002a5c       0x12 ..\mesh_common\mesh\libraries\csr_101x\libcsrmesh.a(csr_mesh_bearer.o)
                0x00002a5c                ___libcsrmesh_332
 .text.___libcsrmesh_334
                0x00002a6e       0x58 ..\mesh_common\mesh\libraries\csr_101x\libcsrmesh.a(csr_mesh_bearer.o)
                0x00002a6e                ___libcsrmesh_334
 .text.___libcsrmesh_353
                0x00002ac6       0x11 ..\mesh_common\mesh\libraries\csr_101x\libcsrmesh.a(csr_mesh_bearer_porting_util.o)
                0x00002ac6                ___libcsrmesh_353
 .text.___libcsrmesh_350
                0x00002ad7       0x19 ..\mesh_common\mesh\libraries\csr_101x\libcsrmesh.a(csr_mesh_bearer_porting_util.o)
                0x00002ad7                ___libcsrmesh_350
 .text.___libcsrmesh_352
                0x00002af0       0x1d ..\mesh_common\mesh\libraries\csr_101x\libcsrmesh.a(csr_mesh_bearer_porting_util.o)
                0x00002af0                ___libcsrmesh_352
 .text.___libcsrmesh_355
                0x00002b0d        0x3 ..\mesh_common\mesh\libraries\csr_101x\libcsrmesh.a(csr_mesh_bearer_porting_util.o)
                0x00002b0d                ___libcsrmesh_355
 .text.___libcsrmesh_354
                0x00002b10        0x3 ..\mesh_common\mesh\libraries\csr_101x\libcsrmesh.a(csr_mesh_bearer_porting_util.o)
                0x00002b10                ___libcsrmesh_354
 .text.___libcsrmesh_351
                0x00002b13       0x5f ..\mesh_common\mesh\libraries\csr_101x\libcsrmesh.a(csr_mesh_bearer_porting_util.o)
                0x00002b13                ___libcsrmesh_351
 .text.checkMessageInTransmitQueue
                0x00002b72       0x3e ..\mesh_common\mesh\libraries\csr_101x\libcsrmesh.a(csr_mesh_bearer_porting_util.o)
 .text.checkSmartMeshMessageInTransmitQueue
                0x00002bb0       0x3e ..\mesh_common\mesh\libraries\csr_101x\libcsrmesh.a(csr_mesh_bearer_porting_util.o)
 .text.___libcsrmesh_349
                0x00002bee       0x82 ..\mesh_common\mesh\libraries\csr_101x\libcsrmesh.a(csr_mesh_bearer_porting_util.o)
                0x00002bee                ___libcsrmesh_349
 .text.___libcsrmesh_363
                0x00002c70        0x6 ..\mesh_common\mesh\libraries\csr_101x\libcsrmesh.a(csr_mesh_hal_ifce.o)
                0x00002c70                ___libcsrmesh_363
 .text.___libcsrmesh_367
                0x00002c76        0x5 ..\mesh_common\mesh\libraries\csr_101x\libcsrmesh.a(csr_mesh_hal_ifce.o)
                0x00002c76                ___libcsrmesh_367
 .text.___libcsrmesh_362
                0x00002c7b        0xc ..\mesh_common\mesh\libraries\csr_101x\libcsrmesh.a(csr_mesh_hal_ifce.o)
                0x00002c7b                ___libcsrmesh_362
 .text.___libcsrmesh_366
                0x00002c87        0xb ..\mesh_common\mesh\libraries\csr_101x\libcsrmesh.a(csr_mesh_hal_ifce.o)
                0x00002c87                ___libcsrmesh_366
 .text.___libcsrmesh_365
                0x00002c92        0xc ..\mesh_common\mesh\libraries\csr_101x\libcsrmesh.a(csr_mesh_hal_ifce.o)
                0x00002c92                ___libcsrmesh_365
 .text.___libcsrmesh_364
                0x00002c9e        0x3 ..\mesh_common\mesh\libraries\csr_101x\libcsrmesh.a(csr_mesh_hal_ifce.o)
                0x00002c9e                ___libcsrmesh_364
 .text.___libcsrmesh_371
                0x00002ca1       0x5e ..\mesh_common\mesh\libraries\csr_101x\libcsrmesh.a(csr_mesh_security_ifce_101x.o)
                0x00002ca1                ___libcsrmesh_371
 .text.___libcsrmesh_373
                0x00002cff       0x23 ..\mesh_common\mesh\libraries\csr_101x\libcsrmesh.a(csr_mesh_security_ifce_101x.o)
                0x00002cff                ___libcsrmesh_373
 .text.___libcsrmesh_372
                0x00002d22       0x23 ..\mesh_common\mesh\libraries\csr_101x\libcsrmesh.a(csr_mesh_security_ifce_101x.o)
                0x00002d22                ___libcsrmesh_372
 .text.CSRSchedGetScanDutyCycle
                0x00002d45       0x1b ..\mesh_common\mesh\libraries\csr_101x\libcsrmesh.a(csr1010_scheduler.o)
                0x00002d45                CSRSchedGetScanDutyCycle
 .text.IsCSRSchedRunning
                0x00002d60        0x5 ..\mesh_common\mesh\libraries\csr_101x\libcsrmesh.a(csr1010_scheduler.o)
                0x00002d60                IsCSRSchedRunning
 .text.CSRSchedLeAdvScanDisable
                0x00002d65       0x10 ..\mesh_common\mesh\libraries\csr_101x\libcsrmesh.a(csr1010_scheduler.o)
 .text.CSRSchedConnectionIdleTimeoutHandler
                0x00002d75        0xc ..\mesh_common\mesh\libraries\csr_101x\libcsrmesh.a(csr1010_scheduler.o)
 .text.CSRSchedConnUpdateTimeoutHandler
                0x00002d81       0x1c ..\mesh_common\mesh\libraries\csr_101x\libcsrmesh.a(csr1010_scheduler.o)
 .text.CSRSchedLeStartScan
                0x00002d9d       0x40 ..\mesh_common\mesh\libraries\csr_101x\libcsrmesh.a(csr1010_scheduler.o)
 .text.CSRSchedSetScanDutyCycle
                0x00002ddd       0xc7 ..\mesh_common\mesh\libraries\csr_101x\libcsrmesh.a(csr1010_scheduler.o)
                0x00002ddd                CSRSchedSetScanDutyCycle
 .text.CSRSchedHandleIncomingData
                0x00002ea4       0x4b ..\mesh_common\mesh\libraries\csr_101x\libcsrmesh.a(csr1010_scheduler.o)
                0x00002ea4                CSRSchedHandleIncomingData
 .text.CSRSchedMeshLeStartAdverts
                0x00002eef       0x99 ..\mesh_common\mesh\libraries\csr_101x\libcsrmesh.a(csr1010_scheduler.o)
 .text.CSRSchedSendPriorityMsg
                0x00002f88       0x2a ..\mesh_common\mesh\libraries\csr_101x\libcsrmesh.a(csr1010_scheduler.o)
                0x00002f88                CSRSchedSendPriorityMsg
 .text.CSRSchedAdvertTimeoutHandler
                0x00002fb2       0x64 ..\mesh_common\mesh\libraries\csr_101x\libcsrmesh.a(csr1010_scheduler.o)
 .text.CSRSchedLeStartUserAdverts
                0x00003016       0x75 ..\mesh_common\mesh\libraries\csr_101x\libcsrmesh.a(csr1010_scheduler.o)
 .text.CSRSchedMeshLeStartAdvertsFromQueue
                0x0000308b       0x13 ..\mesh_common\mesh\libraries\csr_101x\libcsrmesh.a(csr1010_scheduler.o)
 .text.CSRSchedScanTimeoutHandler
                0x0000309e       0x13 ..\mesh_common\mesh\libraries\csr_101x\libcsrmesh.a(csr1010_scheduler.o)
 .text.CSRSchedStart
                0x000030b1       0x24 ..\mesh_common\mesh\libraries\csr_101x\libcsrmesh.a(csr1010_scheduler.o)
                0x000030b1                CSRSchedStart
 .text.CSRSchedNotifyGattEvent
                0x000030d5       0xf3 ..\mesh_common\mesh\libraries\csr_101x\libcsrmesh.a(csr1010_scheduler.o)
                0x000030d5                CSRSchedNotifyGattEvent
 .text.CSRSchedMissingRadioEventTimeoutHandler
                0x000031c8        0xc ..\mesh_common\mesh\libraries\csr_101x\libcsrmesh.a(csr1010_scheduler.o)
 .text.CSRSchedConnectionBusyTimeoutHandler
                0x000031d4       0x19 ..\mesh_common\mesh\libraries\csr_101x\libcsrmesh.a(csr1010_scheduler.o)
 .text.CSRSchedSendUserAdv
                0x000031ed       0x3e ..\mesh_common\mesh\libraries\csr_101x\libcsrmesh.a(csr1010_scheduler.o)
                0x000031ed                CSRSchedSendUserAdv
 .text.CSRSchedGetConfigParams
                0x0000322b       0x41 ..\mesh_common\mesh\libraries\csr_101x\libcsrmesh.a(csr1010_scheduler.o)
                0x0000322b                CSRSchedGetConfigParams
 .text.CSRSchedUpdateMeshParams
                0x0000326c       0x32 ..\mesh_common\mesh\libraries\csr_101x\libcsrmesh.a(csr1010_scheduler.o)
 .text.CSRSchedSetConfigParams
                0x0000329e       0x4d ..\mesh_common\mesh\libraries\csr_101x\libcsrmesh.a(csr1010_scheduler.o)
                0x0000329e                CSRSchedSetConfigParams
 .text.CsrSchedSetTxPower
                0x000032eb        0x5 ..\mesh_common\mesh\libraries\csr_101x\libcsrmesh.a(csr1010_scheduler.o)
                0x000032eb                CsrSchedSetTxPower
 .text.___libcsrmesh_414
                0x000032f0       0x45 ..\mesh_common\mesh\libraries\csr_101x\libcsrmesh.a(sig_mesh_relay.o)
                0x000032f0                ___libcsrmesh_414
 .text.BearerModelInit
                0x00003335       0x12 ..\mesh_common\mesh\libraries\csr_101x\libcsrmesh.a(csr_mesh_bearer_model.o)
                0x00003335                BearerModelInit
 .text.handleMcpBearerModelMsg
                0x00003347       0xab ..\mesh_common\mesh\libraries\csr_101x\libcsrmesh.a(csr_mesh_bearer_model.o)
 .text.___libcsrmesh_111
                0x000033f2       0x15 ..\mesh_common\mesh\libraries\csr_101x\libcsrmesh.a(csr_mesh_config_model.o)
                0x000033f2                ___libcsrmesh_111
 .text.ConfigModelInit
                0x00003407       0x18 ..\mesh_common\mesh\libraries\csr_101x\libcsrmesh.a(csr_mesh_config_model.o)
                0x00003407                ConfigModelInit
 .text.configModelServerHandler
                0x0000341f      0x3c7 ..\mesh_common\mesh\libraries\csr_101x\libcsrmesh.a(csr_mesh_config_model.o)
 .text.free_buffers
                0x000037e6        0x3 ..\mesh_common\mesh\libraries\csr_101x\libcsrmesh.a(csr_mesh_ec_math.o)
 .text.ec_math_192_double
                0x000037e9       0xb5 ..\mesh_common\mesh\libraries\csr_101x\libcsrmesh.a(csr_mesh_ec_math.o)
 .text.ec_math_192_mul
                0x0000389e      0x116 ..\mesh_common\mesh\libraries\csr_101x\libcsrmesh.a(csr_mesh_ec_math.o)
 .text.___libcsrmesh_127
                0x000039b4        0xc ..\mesh_common\mesh\libraries\csr_101x\libcsrmesh.a(csr_mesh_ec_math.o)
                0x000039b4                ___libcsrmesh_127
 .text.___libcsrmesh_128
                0x000039c0       0x2d ..\mesh_common\mesh\libraries\csr_101x\libcsrmesh.a(csr_mesh_ec_math.o)
                0x000039c0                ___libcsrmesh_128
 .text.GroupModelInit
                0x000039ed       0x12 ..\mesh_common\mesh\libraries\csr_101x\libcsrmesh.a(csr_mesh_group_model.o)
                0x000039ed                GroupModelInit
 .text.groupModelServerHandler
                0x000039ff      0x114 ..\mesh_common\mesh\libraries\csr_101x\libcsrmesh.a(csr_mesh_group_model.o)
 .text.___libcsrmesh_159
                0x00003b13       0x2e ..\mesh_common\mesh\libraries\csr_101x\libcsrmesh.a(csr_mesh_large_num.o)
                0x00003b13                ___libcsrmesh_159
 .text.___libcsrmesh_157
                0x00003b41        0xc ..\mesh_common\mesh\libraries\csr_101x\libcsrmesh.a(csr_mesh_large_num.o)
                0x00003b41                ___libcsrmesh_157
 .text.___libcsrmesh_161
                0x00003b4d       0x10 ..\mesh_common\mesh\libraries\csr_101x\libcsrmesh.a(csr_mesh_large_num.o)
                0x00003b4d                ___libcsrmesh_161
 .text.___libcsrmesh_168
                0x00003b5d       0x25 ..\mesh_common\mesh\libraries\csr_101x\libcsrmesh.a(csr_mesh_large_num.o)
                0x00003b5d                ___libcsrmesh_168
 .text.___libcsrmesh_158
                0x00003b82       0x64 ..\mesh_common\mesh\libraries\csr_101x\libcsrmesh.a(csr_mesh_large_num.o)
                0x00003b82                ___libcsrmesh_158
 .text.___libcsrmesh_169
                0x00003be6       0x4f ..\mesh_common\mesh\libraries\csr_101x\libcsrmesh.a(csr_mesh_large_num.o)
                0x00003be6                ___libcsrmesh_169
 .text.___libcsrmesh_165
                0x00003c35       0x18 ..\mesh_common\mesh\libraries\csr_101x\libcsrmesh.a(csr_mesh_large_num.o)
                0x00003c35                ___libcsrmesh_165
 .text.___libcsrmesh_167
                0x00003c4d       0x3b ..\mesh_common\mesh\libraries\csr_101x\libcsrmesh.a(csr_mesh_large_num.o)
                0x00003c4d                ___libcsrmesh_167
 .text.___libcsrmesh_166
                0x00003c88       0x35 ..\mesh_common\mesh\libraries\csr_101x\libcsrmesh.a(csr_mesh_large_num.o)
                0x00003c88                ___libcsrmesh_166
 .text.___libcsrmesh_160
                0x00003cbd        0x8 ..\mesh_common\mesh\libraries\csr_101x\libcsrmesh.a(csr_mesh_large_num.o)
                0x00003cbd                ___libcsrmesh_160
 .text.___libcsrmesh_171
                0x00003cc5       0xb6 ..\mesh_common\mesh\libraries\csr_101x\libcsrmesh.a(csr_mesh_large_num.o)
                0x00003cc5                ___libcsrmesh_171
 .text.___libcsrmesh_155
                0x00003d7b        0x2 ..\mesh_common\mesh\libraries\csr_101x\libcsrmesh.a(csr_mesh_large_num.o)
                0x00003d7b                ___libcsrmesh_155
 .text.___libcsrmesh_156
                0x00003d7d        0x2 ..\mesh_common\mesh\libraries\csr_101x\libcsrmesh.a(csr_mesh_large_num.o)
                0x00003d7d                ___libcsrmesh_156
 .text.___libcsrmesh_170
                0x00003d7f       0xac ..\mesh_common\mesh\libraries\csr_101x\libcsrmesh.a(csr_mesh_large_num.o)
                0x00003d7f                ___libcsrmesh_170
 .text.___libcsrmesh_163
                0x00003e2b       0x14 ..\mesh_common\mesh\libraries\csr_101x\libcsrmesh.a(csr_mesh_large_num.o)
                0x00003e2b                ___libcsrmesh_163
 .text.___libcsrmesh_164
                0x00003e3f        0x5 ..\mesh_common\mesh\libraries\csr_101x\libcsrmesh.a(csr_mesh_large_num.o)
                0x00003e3f                ___libcsrmesh_164
 .text.___libcsrmesh_162
                0x00003e44       0x21 ..\mesh_common\mesh\libraries\csr_101x\libcsrmesh.a(csr_mesh_large_num.o)
                0x00003e44                ___libcsrmesh_162
 .text.___libcsrmesh_286
                0x00003e65       0x44 ..\mesh_common\mesh\libraries\csr_101x\libcsrmesh.a(csr_mesh_sha_add_to_cache.o)
                0x00003e65                ___libcsrmesh_286
 .text.sha256_calc_ith_hash_val
                0x00003ea9      0x1b8 ..\mesh_common\mesh\libraries\csr_101x\libcsrmesh.a(csr_mesh_sha256_calc_ith_hash_val.o)
 .text.___libcsrmesh_292
                0x00004061       0x15 ..\mesh_common\mesh\libraries\csr_101x\libcsrmesh.a(csr_mesh_sha256_calc_ith_hash_val.o)
                0x00004061                ___libcsrmesh_292
 .text.___libcsrmesh_293
                0x00004076       0x37 ..\mesh_common\mesh\libraries\csr_101x\libcsrmesh.a(csr_mesh_sha256_calc_ith_hash_val.o)
                0x00004076                ___libcsrmesh_293
 .text.___libcsrmesh_294
                0x000040ad        0xb ..\mesh_common\mesh\libraries\csr_101x\libcsrmesh.a(csr_mesh_sha256_calc_ith_hash_val.o)
                0x000040ad                ___libcsrmesh_294
 .text.DataModelInit
                0x000040b8       0x15 ..\mesh_common\mesh\libraries\csr_101x\libdata_server.a(data_model.o)
                0x000040b8                DataModelInit
 .text.dataModelServerHandler
                0x000040cd       0xc1 ..\mesh_common\mesh\libraries\csr_101x\libdata_server.a(data_model.o)
 .text.dataModelClientHandler
                0x0000418e       0x39 ..\mesh_common\mesh\libraries\csr_101x\libdata_client.a(data_client.o)
 .text.DataBlockSend
                0x000041c7       0x29 ..\mesh_common\mesh\libraries\csr_101x\libdata_client.a(data_client.o)
                0x000041c7                DataBlockSend
 .text.DataModelClientInit
                0x000041f0        0xd ..\mesh_common\mesh\libraries\csr_101x\libdata_client.a(data_client.o)
                0x000041f0                DataModelClientInit
 .text.OtaReset
                0x000041fd        0x3 C:\CSR_uEnergy_SDK-2.6.3.11\tools\lib\otau\v6\libotau.a(csr_ota.o)
                0x000041fd                OtaReset
 .text.readProtectedValue
                0x00004200       0x24 C:\CSR_uEnergy_SDK-2.6.3.11\tools\lib\otau\v6\libotau.a(csr_ota.o)
 .text.readOtaVersion
                0x00004224        0x6 C:\CSR_uEnergy_SDK-2.6.3.11\tools\lib\otau\v6\libotau.a(csr_ota.o)
 .text.readCurrentApp
                0x0000422a        0x4 C:\CSR_uEnergy_SDK-2.6.3.11\tools\lib\otau\v6\libotau.a(csr_ota.o)
 .text.readSharedDataV5
                0x0000422e        0xd C:\CSR_uEnergy_SDK-2.6.3.11\tools\lib\otau\v6\libotau.a(csr_ota.o)
 .text.findSharedData
                0x0000423b       0x57 C:\CSR_uEnergy_SDK-2.6.3.11\tools\lib\otau\v6\libotau.a(csr_ota.o)
 .text.OtaReadCurrentApp
                0x00004292       0x21 C:\CSR_uEnergy_SDK-2.6.3.11\tools\lib\otau\v6\libotau.a(csr_ota.o)
                0x00004292                OtaReadCurrentApp
 .text.writeCurrentAppV5
                0x000042b3       0x66 C:\CSR_uEnergy_SDK-2.6.3.11\tools\lib\otau\v6\libotau.a(csr_ota.o)
 .text.writeCurrentApp
                0x00004319       0x59 C:\CSR_uEnergy_SDK-2.6.3.11\tools\lib\otau\v6\libotau.a(csr_ota.o)
 .text.OtaWriteCurrentApp
                0x00004372       0x37 C:\CSR_uEnergy_SDK-2.6.3.11\tools\lib\otau\v6\libotau.a(csr_ota.o)
                0x00004372                OtaWriteCurrentApp
 .text.i2cInitBus
                0x000043a9       0x19 C:\CSR_uEnergy_SDK-2.6.3.11\tools\lib\otau\v6\libotau.a(i2c_comms.o)
                0x000043a9                i2cInitBus
 .text.crcBlock
                0x000043c2       0x2c C:\CSR_uEnergy_SDK-2.6.3.11\tools\lib\otau\v6\libotau.a(crc16.o)
                0x000043c2                crcBlock
 .text.LsReadRssi
                0x000043ee        0xe C:\CSR_uEnergy_SDK-2.6.3.11\tools\lib\CSR101x_A05\libgatt_lib_ram.a(patch_ls_app_if.o)
                0x000043ee                LsReadRssi
 .text.___libgatt_lib_db_4554
                0x000043fc        0x6 C:\CSR_uEnergy_SDK-2.6.3.11\tools\lib\CSR101x_A05\libgatt_lib_ram.a(patch_ls_app_if.o)
                0x000043fc                ___libgatt_lib_db_4554
 .text.patch_process_hci_event
                0x00004402       0x2f C:\CSR_uEnergy_SDK-2.6.3.11\tools\lib\CSR101x_A05\libgatt_lib_ram.a(patch_ls_app_if.o)
 .text.LsRadioEventNotification
                0x00004431        0x9 C:\CSR_uEnergy_SDK-2.6.3.11\tools\lib\CSR101x_A05\libgatt_lib_ram.a(patch_ls_app_if.o)
                0x00004431                LsRadioEventNotification
 .text.LsSetTransmitPowerLevel
                0x0000443a        0x9 C:\CSR_uEnergy_SDK-2.6.3.11\tools\lib\CSR101x_A05\libgatt_lib_ram.a(ls_app_if_ram.o)
                0x0000443a                LsSetTransmitPowerLevel
 .text.LsReadTransmitPowerLevel
                0x00004443        0x8 C:\CSR_uEnergy_SDK-2.6.3.11\tools\lib\CSR101x_A05\libgatt_lib_ram.a(ls_app_if_ram.o)
                0x00004443                LsReadTransmitPowerLevel
 .text.___libgatt_lib_db_4564
                0x0000444b        0xe C:\CSR_uEnergy_SDK-2.6.3.11\tools\lib\CSR101x_A05\libgatt_lib_ram.a(patch_ls_advertising_if.o)
                0x0000444b                ___libgatt_lib_db_4564
 .text.ls_advscan_set_payload_data
                0x00004459       0x46 C:\CSR_uEnergy_SDK-2.6.3.11\tools\lib\CSR101x_A05\libgatt_lib_ram.a(patch_ls_advertising_if.o)
 .text.___libgatt_lib_db_4565
                0x0000449f        0xb C:\CSR_uEnergy_SDK-2.6.3.11\tools\lib\CSR101x_A05\libgatt_lib_ram.a(patch_ls_advertising_if.o)
                0x0000449f                ___libgatt_lib_db_4565
 .text.LsStoreAdvDataNoAdFlags
                0x000044aa       0x2c C:\CSR_uEnergy_SDK-2.6.3.11\tools\lib\CSR101x_A05\libgatt_lib_ram.a(patch_ls_advertising_if.o)
                0x000044aa                LsStoreAdvDataNoAdFlags
 .text.LsStoreAdvScanData
                0x000044d6        0xf C:\CSR_uEnergy_SDK-2.6.3.11\tools\lib\CSR101x_A05\libgatt_lib_ram.a(patch_ls_advertising_if.o)
                0x000044d6                LsStoreAdvScanData
 .text.LsStartStopAdvertise
                0x000044e5        0xc C:\CSR_uEnergy_SDK-2.6.3.11\tools\lib\CSR101x_A05\libgatt_lib_ram.a(patch_ls_advertising_if.o)
                0x000044e5                LsStartStopAdvertise
 .text.___libgatt_lib_db_4574
                0x000044f1       0x1e C:\CSR_uEnergy_SDK-2.6.3.11\tools\lib\CSR101x_A05\libgatt_lib_ram.a(patch_l2cap.o)
                0x000044f1                ___libgatt_lib_db_4574
 .text.___libgatt_lib_db_4573
                0x0000450f        0xc C:\CSR_uEnergy_SDK-2.6.3.11\tools\lib\CSR101x_A05\libgatt_lib_ram.a(patch_l2cap.o)
                0x0000450f                ___libgatt_lib_db_4573
 .text.GattInit
                0x0000451b       0x1f C:\CSR_uEnergy_SDK-2.6.3.11\tools\lib\CSR101x_A05\libgatt_lib_ram.a(gatt_ram.o)
                0x0000451b                GattInit
 .text.GattCancelConnectReq
                0x0000453a        0x6 C:\CSR_uEnergy_SDK-2.6.3.11\tools\lib\CSR101x_A05\libgatt_lib_ram.a(patch_gatt.o)
                0x0000453a                GattCancelConnectReq
 .text.___libgatt_lib_db_4610
                0x00004540        0x8 C:\CSR_uEnergy_SDK-2.6.3.11\tools\lib\CSR101x_A05\libgatt_lib_ram.a(patch_george.o)
                0x00004540                ___libgatt_lib_db_4610
 .text.___libgatt_lib_db_4617
                0x00004548       0x1b C:\CSR_uEnergy_SDK-2.6.3.11\tools\lib\CSR101x_A05\libgatt_lib_ram.a(patch_george.o)
                0x00004548                ___libgatt_lib_db_4617
 .text.___libgatt_lib_db_4614
                0x00004563       0x2d C:\CSR_uEnergy_SDK-2.6.3.11\tools\lib\CSR101x_A05\libgatt_lib_ram.a(patch_george.o)
                0x00004563                ___libgatt_lib_db_4614
 .text.___libgatt_lib_db_4616
                0x00004590       0xde C:\CSR_uEnergy_SDK-2.6.3.11\tools\lib\CSR101x_A05\libgatt_lib_ram.a(patch_george.o)
                0x00004590                ___libgatt_lib_db_4616
 .text.rx_timing_report
                0x0000466e       0xb1 C:\CSR_uEnergy_SDK-2.6.3.11\tools\lib\CSR101x_A05\libgatt_lib_ram.a(patch_george.o)
 .text.ram_le_handle_event
                0x0000471f       0xeb C:\CSR_uEnergy_SDK-2.6.3.11\tools\lib\CSR101x_A05\libgatt_lib_ram.a(patch_george.o)
 .text.ram_btle_event_common
                0x0000480a       0x6d C:\CSR_uEnergy_SDK-2.6.3.11\tools\lib\CSR101x_A05\libgatt_lib_ram.a(patch_george.o)
 .text.___libgatt_lib_db_4550
                0x00004877        0x6 C:\CSR_uEnergy_SDK-2.6.3.11\tools\lib\CSR101x_A05\libgatt_lib_ram.a(patch_george.o)
                0x00004877                ___libgatt_lib_db_4550
 .text.___libgatt_lib_db_4549
                0x0000487d        0x6 C:\CSR_uEnergy_SDK-2.6.3.11\tools\lib\CSR101x_A05\libgatt_lib_ram.a(patch_george.o)
                0x0000487d                ___libgatt_lib_db_4549
 .text.___libgatt_lib_db_4611
                0x00004883      0x17f C:\CSR_uEnergy_SDK-2.6.3.11\tools\lib\CSR101x_A05\libgatt_lib_ram.a(patch_george.o)
                0x00004883                ___libgatt_lib_db_4611
 .text.___libgatt_lib_db_4544
                0x00004a02       0x26 C:\CSR_uEnergy_SDK-2.6.3.11\tools\lib\CSR101x_A05\libgatt_lib_ram.a(patch_george.o)
                0x00004a02                ___libgatt_lib_db_4544
 .text.___libgatt_lib_db_4618
                0x00004a28      0x112 C:\CSR_uEnergy_SDK-2.6.3.11\tools\lib\CSR101x_A05\libgatt_lib_ram.a(patch_george.o)
                0x00004a28                ___libgatt_lib_db_4618
 .text.___libgatt_lib_db_4629
                0x00004b3a        0xc C:\CSR_uEnergy_SDK-2.6.3.11\tools\lib\CSR101x_A05\libgatt_lib_ram.a(patch_george_ll.o)
                0x00004b3a                ___libgatt_lib_db_4629
 .text.___libgatt_lib_db_4628
                0x00004b46       0x11 C:\CSR_uEnergy_SDK-2.6.3.11\tools\lib\CSR101x_A05\libgatt_lib_ram.a(patch_george_ll.o)
                0x00004b46                ___libgatt_lib_db_4628
 .text.___libgatt_lib_db_4630
                0x00004b57      0x121 C:\CSR_uEnergy_SDK-2.6.3.11\tools\lib\CSR101x_A05\libgatt_lib_ram.a(patch_george_ll.o)
                0x00004b57                ___libgatt_lib_db_4630
 .text.___libgatt_lib_db_4645
                0x00004c78       0x27 C:\CSR_uEnergy_SDK-2.6.3.11\tools\lib\CSR101x_A05\libgatt_lib_ram.a(patch_dbase.o)
                0x00004c78                ___libgatt_lib_db_4645
 .text.___libgatt_lib_db_4639
                0x00004c9f       0x1f C:\CSR_uEnergy_SDK-2.6.3.11\tools\lib\CSR101x_A05\libgatt_lib_ram.a(patch_dbase.o)
                0x00004c9f                ___libgatt_lib_db_4639
 .text.dbase_safe_access_check_curr
                0x00004cbe        0x3 C:\CSR_uEnergy_SDK-2.6.3.11\tools\lib\CSR101x_A05\libgatt_lib_ram.a(patch_dbase.o)
 .text.___libgatt_lib_db_4644
                0x00004cc1       0x11 C:\CSR_uEnergy_SDK-2.6.3.11\tools\lib\CSR101x_A05\libgatt_lib_ram.a(patch_dbase.o)
                0x00004cc1                ___libgatt_lib_db_4644
 .text.___libgatt_lib_db_4642
                0x00004cd2       0x11 C:\CSR_uEnergy_SDK-2.6.3.11\tools\lib\CSR101x_A05\libgatt_lib_ram.a(patch_dbase.o)
                0x00004cd2                ___libgatt_lib_db_4642
 .text.___libgatt_lib_db_4641
                0x00004ce3        0xf C:\CSR_uEnergy_SDK-2.6.3.11\tools\lib\CSR101x_A05\libgatt_lib_ram.a(patch_dbase.o)
                0x00004ce3                ___libgatt_lib_db_4641
 .text.___libgatt_lib_db_4640
                0x00004cf2        0x7 C:\CSR_uEnergy_SDK-2.6.3.11\tools\lib\CSR101x_A05\libgatt_lib_ram.a(patch_dbase.o)
                0x00004cf2                ___libgatt_lib_db_4640
 .text.___libgatt_lib_db_4654
                0x00004cf9        0xc C:\CSR_uEnergy_SDK-2.6.3.11\tools\lib\CSR101x_A05\libgatt_lib_ram.a(hal_debugbus_state.o)
                0x00004cf9                ___libgatt_lib_db_4654
 .text.___libgatt_lib_db_4653
                0x00004d05        0xc C:\CSR_uEnergy_SDK-2.6.3.11\tools\lib\CSR101x_A05\libgatt_lib_ram.a(hal_debugbus_state.o)
                0x00004d05                ___libgatt_lib_db_4653
 .text.___libgatt_lib_db_4659
                0x00004d11        0x5 C:\CSR_uEnergy_SDK-2.6.3.11\tools\lib\CSR101x_A05\libgatt_lib_ram.a(patch_halradiotrim.o)
                0x00004d11                ___libgatt_lib_db_4659
 .text.___libgatt_lib_db_4206
                0x00004d16       0x1d C:\CSR_uEnergy_SDK-2.6.3.11\tools\lib\CSR101x_A05\libgatt_lib_ram.a(patch_halradiotrim.o)
                0x00004d16                ___libgatt_lib_db_4206
 .text.___libgatt_lib_db_4208
                0x00004d33       0x11 C:\CSR_uEnergy_SDK-2.6.3.11\tools\lib\CSR101x_A05\libgatt_lib_ram.a(patch_halradiotrim.o)
                0x00004d33                ___libgatt_lib_db_4208
 .text.___libgatt_lib_db_4209
                0x00004d44       0x4f C:\CSR_uEnergy_SDK-2.6.3.11\tools\lib\CSR101x_A05\libgatt_lib_ram.a(patch_halradiotrim.o)
                0x00004d44                ___libgatt_lib_db_4209
 .text.RAM_set_tx_power_parameters
                0x00004d93       0x5a C:\CSR_uEnergy_SDK-2.6.3.11\tools\lib\CSR101x_A05\libgatt_lib_ram.a(patch_halradiotrim.o)
 .text.___libgatt_lib_db_4660
                0x00004ded        0xf C:\CSR_uEnergy_SDK-2.6.3.11\tools\lib\CSR101x_A05\libgatt_lib_ram.a(patch_halradiotrim.o)
                0x00004ded                ___libgatt_lib_db_4660
 .text.___libgatt_lib_db_4658
                0x00004dfc        0xa C:\CSR_uEnergy_SDK-2.6.3.11\tools\lib\CSR101x_A05\libgatt_lib_ram.a(patch_halradiotrim.o)
                0x00004dfc                ___libgatt_lib_db_4658
 .text.___libgatt_lib_db_4205
                0x00004e06        0x9 C:\CSR_uEnergy_SDK-2.6.3.11\tools\lib\CSR101x_A05\libgatt_lib_ram.a(patch_halradiotrim.o)
                0x00004e06                ___libgatt_lib_db_4205
 .text.patched_uart_do_tx
                0x00004e0f       0x1d C:\CSR_uEnergy_SDK-2.6.3.11\tools\lib\CSR101x_A05\libgatt_lib_ram.a(patch_uart.o)
 .text.stop_sb_timer
                0x00004e2c        0xd C:\CSR_uEnergy_SDK-2.6.3.11\tools\lib\CSR101x_A05\libgatt_lib_ram.a(patch_uart.o)
 .text.patched_uart_out_event
                0x00004e39        0x9 C:\CSR_uEnergy_SDK-2.6.3.11\tools\lib\CSR101x_A05\libgatt_lib_ram.a(patch_uart.o)
 .text.sb_timeout
                0x00004e42       0x12 C:\CSR_uEnergy_SDK-2.6.3.11\tools\lib\CSR101x_A05\libgatt_lib_ram.a(patch_uart.o)
 .text.UartWrite
                0x00004e54       0x4b C:\CSR_uEnergy_SDK-2.6.3.11\tools\lib\CSR101x_A05\libgatt_lib_ram.a(patch_uart.o)
                0x00004e54                UartWrite
 .text.UartConfig
                0x00004e9f       0x33 C:\CSR_uEnergy_SDK-2.6.3.11\tools\lib\CSR101x_A05\libgatt_lib_ram.a(patch_uart.o)
                0x00004e9f                UartConfig
 .text.UartInit
                0x00004ed2       0x18 C:\CSR_uEnergy_SDK-2.6.3.11\tools\lib\CSR101x_A05\libgatt_lib_ram.a(patch_uart.o)
                0x00004ed2                UartInit
 .text.___libgatt_lib_db_4668
                0x00004eea       0x24 C:\CSR_uEnergy_SDK-2.6.3.11\tools\lib\CSR101x_A05\libgatt_lib_ram.a(patch_timer.o)
                0x00004eea                ___libgatt_lib_db_4668
 .text.SMEncryptRawAes
                0x00004f0e        0x3 C:\CSR_uEnergy_SDK-2.6.3.11\tools\lib\CSR101x_A05\libgatt_lib_ram.a(patch_crypt.o)
                0x00004f0e                SMEncryptRawAes
 .text.ram_app_init
                0x00004f11       0x31 C:\CSR_uEnergy_SDK-2.6.3.11\tools\lib\CSR101x_A05\libgatt_lib_ram.a(main_ram.o)
                0x00004f11                ram_app_init
 .text.___libgatt_lib_db_4364
                0x00004f42        0x8 C:\CSR_uEnergy_SDK-2.6.3.11\tools\lib\CSR101x_A05\libgatt_lib_ram.a(hw_patch_install.o)
                0x00004f42                ___libgatt_lib_db_4364
 .text.NvmConfigureI2cEeprom
                0x00004f4a       0x19 C:\CSR_uEnergy_SDK-2.6.3.11\tools\lib\CSR101x_A05\libgatt_lib_ram.a(patch_i2c_app_mem_mgr.o)
                0x00004f4a                NvmConfigureI2cEeprom
 .text.new_write_i2c
                0x00004f63       0x16 C:\CSR_uEnergy_SDK-2.6.3.11\tools\lib\CSR101x_A05\libgatt_lib_ram.a(patch_i2c_app_mem_mgr.o)
 .text.new_erase_i2c
                0x00004f79       0x26 C:\CSR_uEnergy_SDK-2.6.3.11\tools\lib\CSR101x_A05\libgatt_lib_ram.a(patch_i2c_app_mem_mgr.o)
 .text.new_read_i2c
                0x00004f9f       0x16 C:\CSR_uEnergy_SDK-2.6.3.11\tools\lib\CSR101x_A05\libgatt_lib_ram.a(patch_i2c_app_mem_mgr.o)
 .text.new_disable_i2c
                0x00004fb5        0xb C:\CSR_uEnergy_SDK-2.6.3.11\tools\lib\CSR101x_A05\libgatt_lib_ram.a(patch_i2c_app_mem_mgr.o)
 .text.PioSetMode
                0x00004fc0        0xb C:\CSR_uEnergy_SDK-2.6.3.11\tools\lib\CSR101x_A05\libgatt_lib_ram.a(robs_pio_ram.o)
                0x00004fc0                PioSetMode
 .text.IdGetLlVerBtle
                0x00004fcb        0x3 C:\CSR_uEnergy_SDK-2.6.3.11\tools\lib\CSR101x_A05\libgatt_lib_ram.a(id_ram.o)
                0x00004fcb                IdGetLlVerBtle
 .text.___libgatt_lib_db_4214
                0x00004fce      0x15e C:\CSR_uEnergy_SDK-2.6.3.11\tools\lib\CSR101x_A05\libgatt_lib_ram.a(patch_thermometer.o)
                0x00004fce                ___libgatt_lib_db_4214
 .text.___libgatt_lib_db_4569
                0x0000512c       0x10 C:\CSR_uEnergy_SDK-2.6.3.11\tools\lib\CSR101x_A05\libgatt_lib_ram.a(patch_ls_l2cap_if.o)
                0x0000512c                ___libgatt_lib_db_4569
 .text.___libgatt_lib_db_4570
                0x0000513c       0x12 C:\CSR_uEnergy_SDK-2.6.3.11\tools\lib\CSR101x_A05\libgatt_lib_ram.a(patch_ls_l2cap_if.o)
                0x0000513c                ___libgatt_lib_db_4570
 .text.___libgatt_lib_db_4577
                0x0000514e        0xe C:\CSR_uEnergy_SDK-2.6.3.11\tools\lib\CSR101x_A05\libgatt_lib_ram.a(patch_att_install.o)
                0x0000514e                ___libgatt_lib_db_4577
 .text.patch_att_handle_execute_write_req
                0x0000515c       0xef C:\CSR_uEnergy_SDK-2.6.3.11\tools\lib\CSR101x_A05\libgatt_lib_ram.a(patch_att_install.o)
 .text.patch_att_handle_read_multi_req
                0x0000524b       0xb1 C:\CSR_uEnergy_SDK-2.6.3.11\tools\lib\CSR101x_A05\libgatt_lib_ram.a(patch_att_install.o)
 .text.___libgatt_lib_db_4579
                0x000052fc       0x30 C:\CSR_uEnergy_SDK-2.6.3.11\tools\lib\CSR101x_A05\libgatt_lib_ram.a(patch_att.o)
                0x000052fc                ___libgatt_lib_db_4579
 .text.___libgatt_lib_db_4635
                0x0000532c       0x55 C:\CSR_uEnergy_SDK-2.6.3.11\tools\lib\CSR101x_A05\libgatt_lib_ram.a(patch_george_adv.o)
                0x0000532c                ___libgatt_lib_db_4635
 .text.___libgatt_lib_db_4636
                0x00005381       0x1a C:\CSR_uEnergy_SDK-2.6.3.11\tools\lib\CSR101x_A05\libgatt_lib_ram.a(patch_george_adv.o)
                0x00005381                ___libgatt_lib_db_4636
 .text.___libgatt_lib_db_4666
                0x0000539b       0x50 C:\CSR_uEnergy_SDK-2.6.3.11\tools\lib\CSR101x_A05\libgatt_lib_ram.a(patch_halradio.o)
                0x0000539b                ___libgatt_lib_db_4666
 .text.___libgatt_lib_db_4671
                0x000053eb       0x25 C:\CSR_uEnergy_SDK-2.6.3.11\tools\lib\CSR101x_A05\libgatt_lib_ram.a(patch_sleep.o)
                0x000053eb                ___libgatt_lib_db_4671
 .text.___libgatt_lib_db_4207
                0x00005410        0xd C:\CSR_uEnergy_SDK-2.6.3.11\tools\lib\CSR101x_A05\libgatt_lib_ram.a(patch_reset.o)
                0x00005410                ___libgatt_lib_db_4207
 .text.___libgatt_lib_db_4673
                0x0000541d       0x69 C:\CSR_uEnergy_SDK-2.6.3.11\tools\lib\CSR101x_A05\libgatt_lib_ram.a(patch_pools.o)
                0x0000541d                ___libgatt_lib_db_4673
 .text.___libgatt_lib_db_4676
                0x00005486        0xe C:\CSR_uEnergy_SDK-2.6.3.11\tools\lib\CSR101x_A05\libgatt_lib_ram.a(patch_background_loop.o)
                0x00005486                ___libgatt_lib_db_4676
 .text.___libgatt_lib_db_4678
                0x00005494        0x5 C:\CSR_uEnergy_SDK-2.6.3.11\tools\lib\CSR101x_A05\libgatt_lib_ram.a(patch_fault.o)
                0x00005494                ___libgatt_lib_db_4678
 .text.___libgatt_lib_db_4697
                0x00005499       0x3b C:\CSR_uEnergy_SDK-2.6.3.11\tools\lib\CSR101x_A05\libgatt_lib_ram.a(patch_pmu.o)
                0x00005499                ___libgatt_lib_db_4697
 .text.___libgatt_lib_db_4696
                0x000054d4       0x19 C:\CSR_uEnergy_SDK-2.6.3.11\tools\lib\CSR101x_A05\libgatt_lib_ram.a(patch_pmu.o)
                0x000054d4                ___libgatt_lib_db_4696
 .text.___libgatt_lib_db_4694
                0x000054ed       0x1e C:\CSR_uEnergy_SDK-2.6.3.11\tools\lib\CSR101x_A05\libgatt_lib_ram.a(patch_pmu.o)
                0x000054ed                ___libgatt_lib_db_4694
 .text.___libgatt_lib_db_4695
                0x0000550b       0x2e C:\CSR_uEnergy_SDK-2.6.3.11\tools\lib\CSR101x_A05\libgatt_lib_ram.a(patch_pmu.o)
                0x0000550b                ___libgatt_lib_db_4695
 .text.___libgatt_lib_db_4709
                0x00005539       0x86 C:\CSR_uEnergy_SDK-2.6.3.11\tools\lib\CSR101x_A05\libgatt_lib_ram.a(patch_updates.o)
                0x00005539                ___libgatt_lib_db_4709
 .text.___libgatt_lib_db_4711
                0x000055bf       0x27 C:\CSR_uEnergy_SDK-2.6.3.11\tools\lib\CSR101x_A05\libgatt_lib_ram.a(patch_adc.o)
                0x000055bf                ___libgatt_lib_db_4711
 *(.apptext)
 *(.apptext.*)
 *xap2crte.o(.text)
 *xap2crte.o(.text.*)
                0x000055e6                PROG_APPCODE_END = .
                0x000075e6                DATA_CONST_START = (DATA_RAM_START + .)
                0x000075e6                . = DATA_CONST_START

.const
 *(CONST)
 *(CONST.*)
                0x000075e6                DATA_CONST_END = .
                0x000075e6                DATA_RODATA_START = .
                0x000075e7                . = (. + 0x1)

.rodata         0x000075e7      0x1fc
 *(.rodata)
 .rodata        0x000075e7        0x2 depend_Release_CSR101x_A05\advertisement_handler.o
 *(.rodata.*)
 .rodata.ConnectionParamUpdateEvent
                0x000075e9        0x5 depend_Release_CSR101x_A05\conn_param_update.o
 .rodata.csr_mesh_pskey_offset_table
                0x000075ee       0x1a depend_Release_CSR101x_A05\csr_mesh_ps_ifce.o
 .rodata.appHandleConnMgrProcEvent
                0x00007608       0x1b depend_Release_CSR101x_A05\connection_handler.o
 .rodata.C.2..3494.
                0x00007623        0x3 depend_Release_CSR101x_A05\advertisement_handler.o
 .rodata.str2.2
                0x00007626        0xf depend_Release_CSR101x_A05\gap_service.o
 .rodata.g_service_handler
                0x00007635        0x1 depend_Release_CSR101x_A05\gap_service.o
 .rodata.g_server_handler
                0x00007636        0x1 depend_Release_CSR101x_A05\gatt_service.o
 .rodata.handleAccessWrite
                0x00007637        0x7 depend_Release_CSR101x_A05\mesh_control_service.o
 .rodata.g_mesh_server_handlers
                0x0000763e        0x1 depend_Release_CSR101x_A05\mesh_control_service.o
 .rodata.g_server_handler
                0x0000763f        0x1 depend_Release_CSR101x_A05\csr_ota_service.o
 .rodata.C.3..4301.
                0x00007640        0x5 depend_Release_CSR101x_A05\main_app.o
 .rodata.str2.2
                0x00007645        0x6 ..\mesh_common\mesh\libraries\csr_101x\libcsrmesh.a(csr_mesh_ec_alloc.o)
 .rodata.handleMaspMessage
                0x0000764b       0x17 ..\mesh_common\mesh\libraries\csr_101x\libcsrmesh.a(csr_mesh_masp.o)
 .rodata.str2.2
                0x00007662       0x14 ..\mesh_common\mesh\libraries\csr_101x\libcsrmesh.a(csr_mesh_masp.o)
 .rodata.masp_msg_len
                0x00007676       0x19 ..\mesh_common\mesh\libraries\csr_101x\libcsrmesh.a(csr_mesh_masp.o)
 .rodata.masp_enc_key
                0x0000768f       0x1f ..\mesh_common\mesh\libraries\csr_101x\libcsrmesh.a(csr_mesh_mtl.o)
 .rodata.masp_nw_iv
                0x000076ae        0x8 ..\mesh_common\mesh\libraries\csr_101x\libcsrmesh.a(csr_mesh_mtl.o)
 .rodata.masp_nw_key
                0x000076b6       0x10 ..\mesh_common\mesh\libraries\csr_101x\libcsrmesh.a(csr_mesh_mtl.o)
 .rodata.str2.2
                0x000076c6        0xd ..\mesh_common\mesh\libraries\csr_101x\libcsrmesh.a(csr_mesh_sha256_hmac.o)
 .rodata.sha256_init_table
                0x000076d3       0x10 ..\mesh_common\mesh\libraries\csr_101x\libcsrmesh.a(csr_mesh_sha256_initialise.o)
 .rodata.csr_mesh_ad_data
                0x000076e3        0x3 ..\mesh_common\mesh\libraries\csr_101x\libcsrmesh.a(csr1010_scheduler.o)
 .rodata.sm_ad_data
                0x000076e6        0x1 ..\mesh_common\mesh\libraries\csr_101x\libcsrmesh.a(csr1010_scheduler.o)
 .rodata.configModelServerHandler
                0x000076e7       0x1a ..\mesh_common\mesh\libraries\csr_101x\libcsrmesh.a(csr_mesh_config_model.o)
 .rodata.P192_curve_generator_x
                0x00007701        0xd ..\mesh_common\mesh\libraries\csr_101x\libcsrmesh.a(csr_mesh_ec_math.o)
 .rodata.P192_curve_generator_y
                0x0000770e        0xd ..\mesh_common\mesh\libraries\csr_101x\libcsrmesh.a(csr_mesh_ec_math.o)
 .rodata.sha256_consts
                0x0000771b       0x80 ..\mesh_common\mesh\libraries\csr_101x\libcsrmesh.a(csr_mesh_sha256_calc_ith_hash_val.o)
 .rodata.tx_power_table
                0x0000779b       0x28 C:\CSR_uEnergy_SDK-2.6.3.11\tools\lib\CSR101x_A05\libgatt_lib_ram.a(patch_halradiotrim.o)
                0x0000779b                ___libgatt_lib_db_4665
 .rodata.ram_build_identifier_integer
                0x000077c3        0x1 C:\CSR_uEnergy_SDK-2.6.3.11\tools\lib\CSR101x_A05\libgatt_lib_ram.a(id_ram.o)
                0x000077c3                ram_build_identifier_integer
 .rodata.ram_build_identifier_string
                0x000077c4       0x16 C:\CSR_uEnergy_SDK-2.6.3.11\tools\lib\CSR101x_A05\libgatt_lib_ram.a(id_ram.o)
                0x000077c4                ram_build_identifier_string
 .rodata.slut_extended
                0x000077da        0x9 C:\CSR_uEnergy_SDK-2.6.3.11\tools\lib\CSR101x_A05\libgatt_lib_ram.a(slut.o)
                0x000077da                ___libgatt_lib_db_4713
                0x000077e3                DATA_RODATA_END = .

.bss            0x000077e4      0x91e
                0x000077e4                DATA_BSS_APP_START = .
 *(.bss)
 .bss           0x000077e4        0x3 C:\CSR_uEnergy_SDK-2.6.3.11\tools\lib\CSR101x_A05\libgatt_lib_ram.a(patch_sm.o)
                0x000077e4                sm_security_started
 .bss           0x000077e7        0x1 C:\CSR_uEnergy_SDK-2.6.3.11\tools\lib\CSR101x_A05\libgatt_lib_ram.a(patch_sm_l2cap.o)
 *(.bss.*)
 .bss.local_data
                0x000077e8       0x13 depend_Release_CSR101x_A05\conn_param_update.o
 .bss.g_nvm_fresh
                0x000077fb        0x1 depend_Release_CSR101x_A05\nvm_access.o
 .bss.g_cm_main_data
                0x000077fc        0x4 depend_Release_CSR101x_A05\cm_private.o
 .bss.g_security_data
                0x00007800        0x3 depend_Release_CSR101x_A05\cm_security.o
 .bss.g_server_data
                0x00007803        0x3 depend_Release_CSR101x_A05\cm_server.o
 .bss.g_cm_observer_data
                0x00007806        0xd depend_Release_CSR101x_A05\cm_observer.o
 .bss.g_cm_peripheral_data
                0x00007813       0x4e depend_Release_CSR101x_A05\cm_peripheral.o
 .bss.assoc_attn_tid
                0x00007861        0x1 depend_Release_CSR101x_A05\core_mesh_handler.o
 .bss.dev_id_advert_tid
                0x00007862        0x1 depend_Release_CSR101x_A05\core_mesh_handler.o
 .bss.p_mesh_hdlr_data
                0x00007863        0x1 depend_Release_CSR101x_A05\core_mesh_handler.o
 .bss.unpackedData
                0x00007864       0x1f depend_Release_CSR101x_A05\connection_handler.o
 .bss.rx_ttl    0x00007883        0x1 depend_Release_CSR101x_A05\connection_handler.o
 .bss.g_conn_info
                0x00007884       0x10 depend_Release_CSR101x_A05\connection_handler.o
 .bss.g_bonded_devices
                0x00007894       0x2e depend_Release_CSR101x_A05\connection_handler.o
 .bss.g_server_info
                0x000078c2        0xc depend_Release_CSR101x_A05\connection_handler.o
 .bss.gatt_data
                0x000078ce        0x6 depend_Release_CSR101x_A05\connection_handler.o
 .bss.gatt_event_data
                0x000078d4        0x4 depend_Release_CSR101x_A05\connection_handler.o
 .bss.state     0x000078d8        0x1 depend_Release_CSR101x_A05\connection_handler.o
 .bss.g_service_data
                0x000078d9        0x2 depend_Release_CSR101x_A05\gap_service.o
 .bss.g_service_info
                0x000078db        0x3 depend_Release_CSR101x_A05\gap_service.o
 .bss.g_device_name
                0x000078de       0x16 depend_Release_CSR101x_A05\gap_service.o
 .bss.g_service_data
                0x000078f4        0x5 depend_Release_CSR101x_A05\gatt_service.o
 .bss.g_service_info
                0x000078f9        0x3 depend_Release_CSR101x_A05\gatt_service.o
 .bss.g_mesh_service_info
                0x000078fc        0x3 depend_Release_CSR101x_A05\mesh_control_service.o
 .bss.data_transfer_memory
                0x000078ff       0x14 depend_Release_CSR101x_A05\csr_ota_service.o
 .bss.data_transfer_data_length
                0x00007913        0x1 depend_Release_CSR101x_A05\csr_ota_service.o
 .bss.data_transfer_configuration
                0x00007914        0x2 depend_Release_CSR101x_A05\csr_ota_service.o
 .bss.g_service_info
                0x00007916        0x3 depend_Release_CSR101x_A05\csr_ota_service.o
 .bss.array.4256.
                0x00007919        0x5 depend_Release_CSR101x_A05\main_app.o
 .bss.byte.4255.
                0x0000791e        0x1 depend_Release_CSR101x_A05\main_app.o
 .bss.app_timers
                0x0000791f       0x78 depend_Release_CSR101x_A05\main_app.o
 *fill*         0x00007997        0x2 00
 .bss.rx_data   0x00007998       0x10 depend_Release_CSR101x_A05\main_app.o
 .bss.tx_data   0x000079a8       0x10 depend_Release_CSR101x_A05\main_app.o
 .bss.g_mesh_handler_data
                0x000079b8        0xa depend_Release_CSR101x_A05\app_mesh_handler.o
 .bss.long_keypress_tid
                0x000079c2        0x1 depend_Release_CSR101x_A05\app_hw.o
 .bss.g_peek    0x000079c3        0x1 depend_Release_CSR101x_A05\byte_queue.o
 .bss.g_head    0x000079c4        0x1 depend_Release_CSR101x_A05\byte_queue.o
 .bss.g_tail    0x000079c5        0x1 depend_Release_CSR101x_A05\byte_queue.o
 .bss.g_queue   0x000079c6      0x100 depend_Release_CSR101x_A05\byte_queue.o
 .bss.g_ec_stack
                0x00007ac6      0x105 ..\mesh_common\mesh\libraries\csr_101x\libcsrmesh.a(csr_mesh_ec_alloc.o)
 .bss.g_masp_data
                0x00007bcb       0x3e ..\mesh_common\mesh\libraries\csr_101x\libcsrmesh.a(csr_mesh_masp.o)
 .bss.g_mcp_data
                0x00007c09        0xd ..\mesh_common\mesh\libraries\csr_101x\libcsrmesh.a(csr_mesh_mcp.o)
 .bss.g_mtl_data
                0x00007c16      0x16d ..\mesh_common\mesh\libraries\csr_101x\libcsrmesh.a(csr_mesh_mtl.o)
 .bss.mtl_rx_buffer
                0x00007d83       0x1f ..\mesh_common\mesh\libraries\csr_101x\libcsrmesh.a(csr_mesh_mtl.o)
 .bss.mtl_operational_buffer_2
                0x00007da2       0x10 ..\mesh_common\mesh\libraries\csr_101x\libcsrmesh.a(csr_mesh_mtl.o)
 .bss.sha256_hmac_priv_context
                0x00007db2       0x62 ..\mesh_common\mesh\libraries\csr_101x\libcsrmesh.a(csr_mesh_sha256_hmac.o)
 .bss.tx_mesg_queue
                0x00007e14        0x2 ..\mesh_common\mesh\libraries\csr_101x\libcsrmesh.a(csr_mesh_bearer_porting_util.o)
 .bss.unpacked_tx_buffer
                0x00007e16       0x1f ..\mesh_common\mesh\libraries\csr_101x\libcsrmesh.a(csr1010_scheduler.o)
 .bss.g_scheduler_data
                0x00007e35       0x71 ..\mesh_common\mesh\libraries\csr_101x\libcsrmesh.a(csr1010_scheduler.o)
 .bss.mac_cache_index
                0x00007ea6        0x1 ..\mesh_common\mesh\libraries\csr_101x\libcsrmesh.a(sig_mesh_relay.o)
 .bss.smart_mesh_mac_cache
                0x00007ea7       0x40 ..\mesh_common\mesh\libraries\csr_101x\libcsrmesh.a(sig_mesh_relay.o)
 .bss.g_bearer_model_data
                0x00007ee7        0x6 ..\mesh_common\mesh\libraries\csr_101x\libcsrmesh.a(csr_mesh_bearer_model.o)
 .bss.g_config_model_data
                0x00007eed        0x8 ..\mesh_common\mesh\libraries\csr_101x\libcsrmesh.a(csr_mesh_config_model.o)
 .bss.g_group_model_data
                0x00007ef5        0x6 ..\mesh_common\mesh\libraries\csr_101x\libcsrmesh.a(csr_mesh_group_model.o)
 .bss.shared_data_location
                0x00007efb        0x1 C:\CSR_uEnergy_SDK-2.6.3.11\tools\lib\otau\v6\libotau.a(csr_ota.o)
 .bss.__PATCH__ZERO_
                0x00007efc        0x1 C:\CSR_uEnergy_SDK-2.6.3.11\tools\lib\CSR101x_A05\libgatt_lib_ram.a(patch_ls_advertising_if.o)
 .bss.__PATCH__ZERO_
                0x00007efd        0x1 C:\CSR_uEnergy_SDK-2.6.3.11\tools\lib\CSR101x_A05\libgatt_lib_ram.a(patch_l2cap.o)
 .bss.patch_pending